<html>
<body>
<pre>
<h1>µVision Build Log</h1>
<h2>Tool Versions:</h2>
IDE-Version: µVision V5.32.0.0
Copyright (C) 2020 ARM Ltd and ARM Germany GmbH. All rights reserved.
License Information: Elie Sawma, TPU, LIC=76F5U-S7GGW-RA1DM-X83EU-S04QN-CMNA5
 
Tool Versions:
Toolchain:       MDK-ARM Plus  Version: 5.32.0.0
Toolchain Path:  C:\Keil_v5\ARM\ARMCC\Bin
C Compiler:      Armcc.exe V5.06 update 7 (build 960)
Assembler:       Armasm.exe V5.06 update 7 (build 960)
Linker/Locator:  ArmLink.exe V5.06 update 7 (build 960)
Library Manager: ArmAr.exe V5.06 update 7 (build 960)
Hex Converter:   FromElf.exe V5.06 update 7 (build 960)
CPU DLL:         SARMCM3.DLL V5.32.0.0
Dialog DLL:      DCM.DLL V1.17.3.0
Target DLL:      STLink\ST-LINKIII-KEIL_SWO.dll V3.0.8.0
Dialog DLL:      TCM.DLL V1.46.0.0
 
<h2>Project:</h2>
C:\Users\M.M\Desktop\Full cubli test code\Cubli-1D\MDK-ARM\Cubli-1D.uvprojx
Project File Date:  05/04/2025

<h2>Output:</h2>
*** Using Compiler 'V5.06 update 7 (build 960)', folder: 'C:\Keil_v5\ARM\ARMCC\Bin'
Rebuild target 'Cubli-1D'
assembling startup_stm32f303xc.s...
compiling main.c...
compiling gyro.c...
compiling jump_control.c...
compiling gpio.c...
compiling encoder_control.c...
compiling pwm_control.c...
compiling filters.c...
compiling stm32f3xx_hal.c...
compiling stm32f3xx_it.c...
compiling tim.c...
compiling stm32f3xx_hal_i2c_ex.c...
compiling i2c.c...
compiling stm32f3xx_hal_msp.c...
compiling stm32f3xx_hal_i2c.c...
compiling stm32f3xx_hal_dma.c...
compiling stm32f3xx_hal_pwr.c...
compiling stm32f3xx_hal_gpio.c...
compiling stm32f3xx_hal_pwr_ex.c...
compiling stm32f3xx_hal_cortex.c...
compiling stm32f3xx_hal_rcc_ex.c...
compiling stm32f3xx_hal_rcc.c...
compiling system_stm32f3xx.c...
compiling stm32f3xx_hal_exti.c...
compiling stm32f3xx_hal_flash.c...
compiling stm32f3xx_hal_flash_ex.c...
compiling stm32f3xx_hal_tim_ex.c...
compiling stm32f3xx_hal_tim.c...
linking...
Program Size: Code=19914 RO-data=646 RW-data=272 ZI-data=1952  
FromELF: creating hex file...
"Cubli-1D\Cubli-1D.axf" - 0 Error(s), 0 Warning(s).

<h2>Software Packages used:</h2>

Package Vendor: ARM
                https://www.keil.com/pack/ARM.CMSIS.6.1.0.pack
                ARM.CMSIS.6.1.0
                CMSIS (Common Microcontroller Software Interface Standard)
   * Component: CORE Version: 6.1.0

Package Vendor: Keil
                http://www.keil.com/pack/Keil.STM32F3xx_DFP.2.2.2.pack
                Keil.STM32F3xx_DFP.2.2.2
                STMicroelectronics STM32F3 Series Device Support and Examples

<h2>Collection of Component include folders:</h2>
  .\RTE\_Cubli-1D
  C:\Users\M.M\AppData\Local\Arm\Packs\ARM\CMSIS\6.1.0\CMSIS\Core\Include
  C:\Users\M.M\AppData\Local\Arm\Packs\Keil\STM32F3xx_DFP\2.2.2\Drivers\CMSIS\Device\ST\STM32F3xx\Include

<h2>Collection of Component Files used:</h2>

   * Component: ARM::CMSIS:CORE:6.1.0
      Include file:  CMSIS\Core\Include\tz_context.h
Build Time Elapsed:  00:00:18
</pre>
</body>
</html>
