Component: ARM Compiler 5.06 update 7 (build 960) Tool: armlink [4d3601]

==============================================================================

Section Cross References

    startup_stm32f303xc.o(STACK) refers (Special) to heapauxi.o(.text) for __use_two_region_memory
    startup_stm32f303xc.o(HEAP) refers (Special) to heapauxi.o(.text) for __use_two_region_memory
    startup_stm32f303xc.o(RESET) refers (Special) to heapauxi.o(.text) for __use_two_region_memory
    startup_stm32f303xc.o(RESET) refers to startup_stm32f303xc.o(STACK) for __initial_sp
    startup_stm32f303xc.o(RESET) refers to startup_stm32f303xc.o(.text) for Reset_Handler
    startup_stm32f303xc.o(RESET) refers to stm32f3xx_it.o(i.NMI_Handler) for NMI_Handler
    startup_stm32f303xc.o(RESET) refers to stm32f3xx_it.o(i.HardFault_Handler) for HardFault_Handler
    startup_stm32f303xc.o(RESET) refers to stm32f3xx_it.o(i.MemManage_Handler) for MemManage_Handler
    startup_stm32f303xc.o(RESET) refers to stm32f3xx_it.o(i.BusFault_Handler) for BusFault_Handler
    startup_stm32f303xc.o(RESET) refers to stm32f3xx_it.o(i.UsageFault_Handler) for UsageFault_Handler
    startup_stm32f303xc.o(RESET) refers to stm32f3xx_it.o(i.SVC_Handler) for SVC_Handler
    startup_stm32f303xc.o(RESET) refers to stm32f3xx_it.o(i.DebugMon_Handler) for DebugMon_Handler
    startup_stm32f303xc.o(RESET) refers to stm32f3xx_it.o(i.PendSV_Handler) for PendSV_Handler
    startup_stm32f303xc.o(RESET) refers to stm32f3xx_it.o(i.SysTick_Handler) for SysTick_Handler
    startup_stm32f303xc.o(RESET) refers to stm32f3xx_it.o(i.TIM2_IRQHandler) for TIM2_IRQHandler
    startup_stm32f303xc.o(RESET) refers to stm32f3xx_it.o(i.EXTI15_10_IRQHandler) for EXTI15_10_IRQHandler
    startup_stm32f303xc.o(.text) refers (Special) to heapauxi.o(.text) for __use_two_region_memory
    startup_stm32f303xc.o(.text) refers to system_stm32f3xx.o(i.SystemInit) for SystemInit
    startup_stm32f303xc.o(.text) refers to __main.o(!!!main) for __main
    startup_stm32f303xc.o(.text) refers to startup_stm32f303xc.o(HEAP) for Heap_Mem
    startup_stm32f303xc.o(.text) refers to startup_stm32f303xc.o(STACK) for Stack_Mem
    encoder_control.o(i.Code_Hall) refers to encoder_control.o(.data) for countHall
    encoder_control.o(i.SpeedPIout) refers to dflt_clz.o(x$fpl$dflt) for __aeabi_i2d
    encoder_control.o(i.SpeedPIout) refers to dmul.o(x$fpl$dmul) for __aeabi_dmul
    encoder_control.o(i.SpeedPIout) refers to d2f.o(x$fpl$d2f) for __aeabi_d2f
    encoder_control.o(i.SpeedPIout) refers to f2d.o(x$fpl$f2d) for __aeabi_f2d
    encoder_control.o(i.SpeedPIout) refers to daddsub_clz.o(x$fpl$drsb) for __aeabi_drsub
    encoder_control.o(i.SpeedPIout) refers to daddsub_clz.o(x$fpl$dadd) for __aeabi_dadd
    encoder_control.o(i.SpeedPIout) refers to encoder_control.o(.data) for rwPulse
    encoder_control.o(i.SpeedPIout) refers to pwm_control.o(.data) for targetAngle
    encoder_control.o(i.countpulse) refers to encoder_control.o(.data) for countHall
    encoder_control.o(i.countpulse) refers to pwm_control.o(.data) for pwmOut
    filters.o(i.Moving_Average_Filter) refers to filters.o(.bss) for buffer
    filters.o(i.Moving_Average_Filter) refers to filters.o(.data) for index
    filters.o(i.Moving_Average_Filter1) refers to filters.o(.bss) for buffer
    filters.o(i.Moving_Average_Filter1) refers to filters.o(.data) for index
    filters.o(i.Moving_Average_Filter2) refers to filters.o(.bss) for buffer
    filters.o(i.Moving_Average_Filter2) refers to filters.o(.data) for index
    filters.o(i.Moving_Average_Filter3) refers to filters.o(.bss) for buffer
    filters.o(i.Moving_Average_Filter3) refers to filters.o(.data) for index
    filters.o(i.Moving_Average_Filter4) refers to filters.o(.bss) for buffer
    filters.o(i.Moving_Average_Filter4) refers to filters.o(.data) for index
    filters.o(i.Moving_Average_Filter5) refers to filters.o(.bss) for buffer
    filters.o(i.Moving_Average_Filter5) refers to filters.o(.data) for index
    gyro.o(i.Kalman_Filter) refers to gyro.o(.data) for q_bias
    gyro.o(i.Kalman_Filter) refers to gyro.o(.bss) for Pdot
    gyro.o(i.MPU6050_Init) refers to stm32f3xx_hal_i2c.o(i.HAL_I2C_Mem_Read) for HAL_I2C_Mem_Read
    gyro.o(i.MPU6050_Init) refers to stm32f3xx_hal_i2c.o(i.HAL_I2C_Mem_Write) for HAL_I2C_Mem_Write
    gyro.o(i.MPU6050_Init) refers to i2c.o(.bss) for hi2c1
    gyro.o(i.MPU6050_Read_Accel) refers to stm32f3xx_hal_i2c.o(i.HAL_I2C_Mem_Read) for HAL_I2C_Mem_Read
    gyro.o(i.MPU6050_Read_Accel) refers to i2c.o(.bss) for hi2c1
    gyro.o(i.MPU6050_Read_Gyro) refers to stm32f3xx_hal_i2c.o(i.HAL_I2C_Mem_Read) for HAL_I2C_Mem_Read
    gyro.o(i.Yiorderfilter) refers to gyro.o(.data) for K1
    gyro.o(i.angle_calculate) refers to dflt_clz.o(x$fpl$dflt) for __aeabi_i2d
    gyro.o(i.angle_calculate) refers to atan2.o(i.__hardfp_atan2) for __hardfp_atan2
    gyro.o(i.angle_calculate) refers to basic.o(x$fpl$basic) for __aeabi_dneg
[...]
    .ARM.Collect$$libinit$$00000019          0x08000202   Section        0  libinit2.o(.ARM.Collect$$libinit$$00000019)
    .ARM.Collect$$libinit$$0000001B          0x08000202   Section        0  libinit2.o(.ARM.Collect$$libinit$$0000001B)
    .ARM.Collect$$libinit$$0000001D          0x08000202   Section        0  libinit2.o(.ARM.Collect$$libinit$$0000001D)
    .ARM.Collect$$libinit$$0000001F          0x08000202   Section        0  libinit2.o(.ARM.Collect$$libinit$$0000001F)
    .ARM.Collect$$libinit$$00000021          0x08000202   Section        0  libinit2.o(.ARM.Collect$$libinit$$00000021)
    .ARM.Collect$$libinit$$00000023          0x08000202   Section        0  libinit2.o(.ARM.Collect$$libinit$$00000023)
    .ARM.Collect$$libinit$$00000025          0x08000202   Section        0  libinit2.o(.ARM.Collect$$libinit$$00000025)
    .ARM.Collect$$libinit$$0000002C          0x08000202   Section        0  libinit2.o(.ARM.Collect$$libinit$$0000002C)
    .ARM.Collect$$libinit$$0000002E          0x08000202   Section        0  libinit2.o(.ARM.Collect$$libinit$$0000002E)
    .ARM.Collect$$libinit$$00000030          0x08000202   Section        0  libinit2.o(.ARM.Collect$$libinit$$00000030)
    .ARM.Collect$$libinit$$00000032          0x08000202   Section        0  libinit2.o(.ARM.Collect$$libinit$$00000032)
    .ARM.Collect$$libinit$$00000033          0x08000202   Section        2  libinit2.o(.ARM.Collect$$libinit$$00000033)
    .ARM.Collect$$libshutdown$$00000000      0x08000204   Section        2  libshutdown.o(.ARM.Collect$$libshutdown$$00000000)
    .ARM.Collect$$libshutdown$$00000002      0x08000206   Section        0  libshutdown2.o(.ARM.Collect$$libshutdown$$00000002)
    .ARM.Collect$$libshutdown$$00000004      0x08000206   Section        0  libshutdown2.o(.ARM.Collect$$libshutdown$$00000004)
    .ARM.Collect$$libshutdown$$00000006      0x08000206   Section        0  libshutdown2.o(.ARM.Collect$$libshutdown$$00000006)
    .ARM.Collect$$libshutdown$$00000009      0x08000206   Section        0  libshutdown2.o(.ARM.Collect$$libshutdown$$00000009)
    .ARM.Collect$$libshutdown$$0000000C      0x08000206   Section        0  libshutdown2.o(.ARM.Collect$$libshutdown$$0000000C)
    .ARM.Collect$$libshutdown$$0000000E      0x08000206   Section        0  libshutdown2.o(.ARM.Collect$$libshutdown$$0000000E)
    .ARM.Collect$$libshutdown$$00000011      0x08000206   Section        0  libshutdown2.o(.ARM.Collect$$libshutdown$$00000011)
    .ARM.Collect$$libshutdown$$00000012      0x08000206   Section        2  libshutdown2.o(.ARM.Collect$$libshutdown$$00000012)
    .ARM.Collect$$rtentry$$00000000          0x08000208   Section        0  __rtentry.o(.ARM.Collect$$rtentry$$00000000)
    .ARM.Collect$$rtentry$$00000002          0x08000208   Section        0  __rtentry2.o(.ARM.Collect$$rtentry$$00000002)
    .ARM.Collect$$rtentry$$00000004          0x08000208   Section        6  __rtentry4.o(.ARM.Collect$$rtentry$$00000004)
    .ARM.Collect$$rtentry$$00000009          0x0800020e   Section        0  __rtentry2.o(.ARM.Collect$$rtentry$$00000009)
    .ARM.Collect$$rtentry$$0000000A          0x0800020e   Section        4  __rtentry2.o(.ARM.Collect$$rtentry$$0000000A)
    .ARM.Collect$$rtentry$$0000000C          0x08000212   Section        0  __rtentry2.o(.ARM.Collect$$rtentry$$0000000C)
    .ARM.Collect$$rtentry$$0000000D          0x08000212   Section        8  __rtentry2.o(.ARM.Collect$$rtentry$$0000000D)
    .ARM.Collect$$rtexit$$00000000           0x0800021a   Section        2  rtexit.o(.ARM.Collect$$rtexit$$00000000)
    .ARM.Collect$$rtexit$$00000002           0x0800021c   Section        0  rtexit2.o(.ARM.Collect$$rtexit$$00000002)
    .ARM.Collect$$rtexit$$00000003           0x0800021c   Section        4  rtexit2.o(.ARM.Collect$$rtexit$$00000003)
    .ARM.Collect$$rtexit$$00000004           0x08000220   Section        6  rtexit2.o(.ARM.Collect$$rtexit$$00000004)
    .text                                    0x08000228   Section       64  startup_stm32f303xc.o(.text)
    $v0                                      0x08000228   Number         0  startup_stm32f303xc.o(.text)
    .text                                    0x08000268   Section      238  lludivv7m.o(.text)
    .text                                    0x08000356   Section       78  rt_memclr_w.o(.text)
    .text                                    0x080003a4   Section        0  heapauxi.o(.text)
    .text                                    0x080003aa   Section        0  _rserrno.o(.text)
    .text                                    0x080003c0   Section        8  rt_errno_addr_intlibspace.o(.text)
    .text                                    0x080003c8   Section        8  libspace.o(.text)
    .text                                    0x080003d0   Section       74  sys_stackheap_outer.o(.text)
    .text                                    0x0800041a   Section        0  exit.o(.text)
    .text                                    0x0800042c   Section        0  sys_exit.o(.text)
    .text                                    0x08000438   Section        2  use_no_semi.o(.text)
    .text                                    0x0800043a   Section        0  indicate_semi.o(.text)
    i.BusFault_Handler                       0x0800043a   Section        0  stm32f3xx_it.o(i.BusFault_Handler)
    i.Code_Hall                              0x08000440   Section        0  encoder_control.o(i.Code_Hall)
    i.DebugMon_Handler                       0x08000450   Section        0  stm32f3xx_it.o(i.DebugMon_Handler)
    i.EXTI15_10_IRQHandler                   0x08000452   Section        0  stm32f3xx_it.o(i.EXTI15_10_IRQHandler)
    i.Error_Handler                          0x08000466   Section        0  main.o(i.Error_Handler)
    i.HAL_Delay                              0x0800046c   Section        0  stm32f3xx_hal.o(i.HAL_Delay)
    i.HAL_GPIO_EXTI_Callback                 0x08000494   Section        0  stm32f3xx_it.o(i.HAL_GPIO_EXTI_Callback)
    i.HAL_GPIO_EXTI_IRQHandler               0x080004a4   Section        0  stm32f3xx_hal_gpio.o(i.HAL_GPIO_EXTI_IRQHandler)
    i.HAL_GPIO_Init                          0x080004c0   Section        0  stm32f3xx_hal_gpio.o(i.HAL_GPIO_Init)
    i.HAL_GPIO_WritePin                      0x08000680   Section        0  stm32f3xx_hal_gpio.o(i.HAL_GPIO_WritePin)
    i.HAL_GetTick                            0x0800068c   Section        0  stm32f3xx_hal.o(i.HAL_GetTick)
    i.HAL_I2CEx_ConfigAnalogFilter           0x08000698   Section        0  stm32f3xx_hal_i2c_ex.o(i.HAL_I2CEx_ConfigAnalogFilter)
    i.HAL_I2CEx_ConfigDigitalFilter          0x08000702   Section        0  stm32f3xx_hal_i2c_ex.o(i.HAL_I2CEx_ConfigDigitalFilter)
    i.HAL_I2C_Init                           0x0800076c   Section        0  stm32f3xx_hal_i2c.o(i.HAL_I2C_Init)
    i.HAL_I2C_Mem_Read                       0x08000844   Section        0  stm32f3xx_hal_i2c.o(i.HAL_I2C_Mem_Read)
    i.HAL_I2C_Mem_Write                      0x080009e4   Section        0  stm32f3xx_hal_i2c.o(i.HAL_I2C_Mem_Write)
    i.HAL_I2C_MspInit                        0x08000b7c   Section        0  i2c.o(i.HAL_I2C_MspInit)
    i.HAL_IncTick                            0x08000c30   Section        0  stm32f3xx_hal.o(i.HAL_IncTick)
    i.HAL_Init                               0x08000c48   Section        0  stm32f3xx_hal.o(i.HAL_Init)
    i.HAL_InitTick                           0x08000c70   Section        0  stm32f3xx_hal.o(i.HAL_InitTick)
    i.HAL_MspInit                            0x08000cbc   Section        0  stm32f3xx_hal_msp.o(i.HAL_MspInit)
    i.HAL_NVIC_EnableIRQ                     0x08000cfc   Section        0  stm32f3xx_hal_cortex.o(i.HAL_NVIC_EnableIRQ)
    i.HAL_NVIC_SetPriority                   0x08000d1c   Section        0  stm32f3xx_hal_cortex.o(i.HAL_NVIC_SetPriority)
    i.HAL_NVIC_SetPriorityGrouping           0x08000d98   Section        0  stm32f3xx_hal_cortex.o(i.HAL_NVIC_SetPriorityGrouping)
    i.HAL_RCCEx_PeriphCLKConfig              0x08000dc0   Section        0  stm32f3xx_hal_rcc_ex.o(i.HAL_RCCEx_PeriphCLKConfig)
    i.HAL_RCC_ClockConfig                    0x080010a4   Section        0  stm32f3xx_hal_rcc.o(i.HAL_RCC_ClockConfig)
    i.HAL_RCC_GetSysClockFreq                0x08001350   Section        0  stm32f3xx_hal_rcc.o(i.HAL_RCC_GetSysClockFreq)
    i.HAL_RCC_OscConfig                      0x080013d4   Section        0  stm32f3xx_hal_rcc.o(i.HAL_RCC_OscConfig)
    i.HAL_SYSTICK_Config                     0x08001df8   Section        0  stm32f3xx_hal_cortex.o(i.HAL_SYSTICK_Config)
    i.HAL_TIMEx_Break2Callback               0x08001e2c   Section        0  stm32f3xx_hal_tim_ex.o(i.HAL_TIMEx_Break2Callback)
    i.HAL_TIMEx_BreakCallback                0x08001e2e   Section        0  stm32f3xx_hal_tim_ex.o(i.HAL_TIMEx_BreakCallback)
    i.HAL_TIMEx_CommutCallback               0x08001e30   Section        0  stm32f3xx_hal_tim_ex.o(i.HAL_TIMEx_CommutCallback)
    i.HAL_TIMEx_ConfigBreakDeadTime          0x08001e34   Section        0  stm32f3xx_hal_tim_ex.o(i.HAL_TIMEx_ConfigBreakDeadTime)
    i.HAL_TIMEx_MasterConfigSynchronization  0x08001ee8   Section        0  stm32f3xx_hal_tim_ex.o(i.HAL_TIMEx_MasterConfigSynchronization)
    i.HAL_TIM_Base_Init                      0x08001f9c   Section        0  stm32f3xx_hal_tim.o(i.HAL_TIM_Base_Init)
    i.HAL_TIM_Base_MspInit                   0x0800200c   Section        0  tim.o(i.HAL_TIM_Base_MspInit)
    i.HAL_TIM_Base_Start_IT                  0x08002074   Section        0  stm32f3xx_hal_tim.o(i.HAL_TIM_Base_Start_IT)
    i.HAL_TIM_ConfigClockSource              0x08002110   Section        0  stm32f3xx_hal_tim.o(i.HAL_TIM_ConfigClockSource)
    i.HAL_TIM_IC_CaptureCallback             0x08002220   Section        0  stm32f3xx_hal_tim.o(i.HAL_TIM_IC_CaptureCallback)
    i.HAL_TIM_IRQHandler                     0x08002222   Section        0  stm32f3xx_hal_tim.o(i.HAL_TIM_IRQHandler)
    i.HAL_TIM_MspPostInit                    0x080023b0   Section        0  tim.o(i.HAL_TIM_MspPostInit)
    i.HAL_TIM_OC_DelayElapsedCallback        0x0800240c   Section        0  stm32f3xx_hal_tim.o(i.HAL_TIM_OC_DelayElapsedCallback)
    i.HAL_TIM_PWM_ConfigChannel              0x0800240e   Section        0  stm32f3xx_hal_tim.o(i.HAL_TIM_PWM_ConfigChannel)
    i.HAL_TIM_PWM_Init                       0x0800257e   Section        0  stm32f3xx_hal_tim.o(i.HAL_TIM_PWM_Init)
    i.HAL_TIM_PWM_MspInit                    0x080025ec   Section        0  stm32f3xx_hal_tim.o(i.HAL_TIM_PWM_MspInit)
    i.HAL_TIM_PWM_PulseFinishedCallback      0x080025ee   Section        0  stm32f3xx_hal_tim.o(i.HAL_TIM_PWM_PulseFinishedCallback)
    i.HAL_TIM_PWM_Start                      0x080025f0   Section        0  stm32f3xx_hal_tim.o(i.HAL_TIM_PWM_Start)
    i.HAL_TIM_PeriodElapsedCallback          0x0800273c   Section        0  stm32f3xx_hal_tim.o(i.HAL_TIM_PeriodElapsedCallback)
    i.HAL_TIM_TriggerCallback                0x0800273e   Section        0  stm32f3xx_hal_tim.o(i.HAL_TIM_TriggerCallback)
    i.HardFault_Handler                      0x08002740   Section        0  stm32f3xx_it.o(i.HardFault_Handler)
    i.I2C_Flush_TXDR                         0x08002744   Section        0  stm32f3xx_hal_i2c.o(i.I2C_Flush_TXDR)
    I2C_Flush_TXDR                           0x08002745   Thumb Code    40  stm32f3xx_hal_i2c.o(i.I2C_Flush_TXDR)
    i.I2C_IsErrorOccurred                    0x0800276c   Section        0  stm32f3xx_hal_i2c.o(i.I2C_IsErrorOccurred)
    I2C_IsErrorOccurred                      0x0800276d   Thumb Code   300  stm32f3xx_hal_i2c.o(i.I2C_IsErrorOccurred)
    i.I2C_RequestMemoryRead                  0x0800289c   Section        0  stm32f3xx_hal_i2c.o(i.I2C_RequestMemoryRead)
    I2C_RequestMemoryRead                    0x0800289d   Thumb Code   118  stm32f3xx_hal_i2c.o(i.I2C_RequestMemoryRead)
    i.I2C_RequestMemoryWrite                 0x08002918   Section        0  stm32f3xx_hal_i2c.o(i.I2C_RequestMemoryWrite)
    I2C_RequestMemoryWrite                   0x08002919   Thumb Code   118  stm32f3xx_hal_i2c.o(i.I2C_RequestMemoryWrite)
    i.I2C_TransferConfig                     0x08002994   Section        0  stm32f3xx_hal_i2c.o(i.I2C_TransferConfig)
    I2C_TransferConfig                       0x08002995   Thumb Code    56  stm32f3xx_hal_i2c.o(i.I2C_TransferConfig)
    i.I2C_WaitOnFlagUntilTimeout             0x080029cc   Section        0  stm32f3xx_hal_i2c.o(i.I2C_WaitOnFlagUntilTimeout)
    I2C_WaitOnFlagUntilTimeout               0x080029cd   Thumb Code   130  stm32f3xx_hal_i2c.o(i.I2C_WaitOnFlagUntilTimeout)
    i.I2C_WaitOnSTOPFlagUntilTimeout         0x08002a4e   Section        0  stm32f3xx_hal_i2c.o(i.I2C_WaitOnSTOPFlagUntilTimeout)
    I2C_WaitOnSTOPFlagUntilTimeout           0x08002a4f   Thumb Code    96  stm32f3xx_hal_i2c.o(i.I2C_WaitOnSTOPFlagUntilTimeout)
    i.I2C_WaitOnTXISFlagUntilTimeout         0x08002aae   Section        0  stm32f3xx_hal_i2c.o(i.I2C_WaitOnTXISFlagUntilTimeout)
    I2C_WaitOnTXISFlagUntilTimeout           0x08002aaf   Thumb Code   100  stm32f3xx_hal_i2c.o(i.I2C_WaitOnTXISFlagUntilTimeout)
    i.Kalman_Filter                          0x08002b14   Section        0  gyro.o(i.Kalman_Filter)
    i.MPU6050_Init                           0x08002d9c   Section        0  gyro.o(i.MPU6050_Init)
    i.MPU6050_Read_Accel                     0x08002e40   Section        0  gyro.o(i.MPU6050_Read_Accel)
    i.MPU6050_Read_Gyro                      0x08002e9c   Section        0  gyro.o(i.MPU6050_Read_Gyro)
    i.MX_GPIO_Init                           0x08002ef0   Section        0  gpio.o(i.MX_GPIO_Init)
    i.MX_I2C1_Init                           0x08002fe8   Section        0  i2c.o(i.MX_I2C1_Init)
    i.MX_TIM1_Init                           0x08003040   Section        0  tim.o(i.MX_TIM1_Init)
    i.MX_TIM2_Init                           0x08003128   Section        0  tim.o(i.MX_TIM2_Init)
    i.MemManage_Handler                      0x08003194   Section        0  stm32f3xx_it.o(i.MemManage_Handler)
    i.NMI_Handler                            0x08003198   Section        0  stm32f3xx_it.o(i.NMI_Handler)
    i.PD                                     0x0800319c   Section        0  pwm_control.o(i.PD)
    i.PendSV_Handler                         0x0800322c   Section        0  stm32f3xx_it.o(i.PendSV_Handler)
    i.ReactionWheelPWM                       0x08003230   Section        0  jump_control.o(i.ReactionWheelPWM)
    i.SVC_Handler                            0x0800340c   Section        0  stm32f3xx_it.o(i.SVC_Handler)
    i.SpeedPIout                             0x08003410   Section        0  encoder_control.o(i.SpeedPIout)
    i.SysTick_Handler                        0x0800357c   Section        0  stm32f3xx_it.o(i.SysTick_Handler)
    i.SystemClock_Config                     0x08003584   Section        0  main.o(i.SystemClock_Config)
    i.SystemInit                             0x08003610   Section        0  system_stm32f3xx.o(i.SystemInit)
    i.TIM2_IRQHandler                        0x08003624   Section        0  stm32f3xx_it.o(i.TIM2_IRQHandler)
    i.TIM_Base_SetConfig                     0x080036e8   Section        0  stm32f3xx_hal_tim.o(i.TIM_Base_SetConfig)
    i.TIM_CCxChannelCmd                      0x080037b4   Section        0  stm32f3xx_hal_tim.o(i.TIM_CCxChannelCmd)
    i.TIM_ETR_SetConfig                      0x080037d6   Section        0  stm32f3xx_hal_tim.o(i.TIM_ETR_SetConfig)
    i.TIM_ITRx_SetConfig                     0x080037ec   Section        0  stm32f3xx_hal_tim.o(i.TIM_ITRx_SetConfig)
    TIM_ITRx_SetConfig                       0x080037ed   Thumb Code    18  stm32f3xx_hal_tim.o(i.TIM_ITRx_SetConfig)
    i.TIM_OC1_SetConfig                      0x08003800   Section        0  stm32f3xx_hal_tim.o(i.TIM_OC1_SetConfig)
    TIM_OC1_SetConfig                        0x08003801   Thumb Code   146  stm32f3xx_hal_tim.o(i.TIM_OC1_SetConfig)
    i.TIM_OC2_SetConfig                      0x080038ac   Section        0  stm32f3xx_hal_tim.o(i.TIM_OC2_SetConfig)
    i.TIM_OC3_SetConfig                      0x08003960   Section        0  stm32f3xx_hal_tim.o(i.TIM_OC3_SetConfig)
    TIM_OC3_SetConfig                        0x08003961   Thumb Code   154  stm32f3xx_hal_tim.o(i.TIM_OC3_SetConfig)
    i.TIM_OC4_SetConfig                      0x08003a14   Section        0  stm32f3xx_hal_tim.o(i.TIM_OC4_SetConfig)
    TIM_OC4_SetConfig                        0x08003a15   Thumb Code    92  stm32f3xx_hal_tim.o(i.TIM_OC4_SetConfig)
    i.TIM_OC5_SetConfig                      0x08003a88   Section        0  stm32f3xx_hal_tim.o(i.TIM_OC5_SetConfig)
    TIM_OC5_SetConfig                        0x08003a89   Thumb Code    86  stm32f3xx_hal_tim.o(i.TIM_OC5_SetConfig)
    i.TIM_OC6_SetConfig                      0x08003af8   Section        0  stm32f3xx_hal_tim.o(i.TIM_OC6_SetConfig)
    TIM_OC6_SetConfig                        0x08003af9   Thumb Code    88  stm32f3xx_hal_tim.o(i.TIM_OC6_SetConfig)
    i.TIM_TI1_ConfigInputStage               0x08003b68   Section        0  stm32f3xx_hal_tim.o(i.TIM_TI1_ConfigInputStage)
    TIM_TI1_ConfigInputStage                 0x08003b69   Thumb Code    38  stm32f3xx_hal_tim.o(i.TIM_TI1_ConfigInputStage)
    i.TIM_TI2_ConfigInputStage               0x08003b8e   Section        0  stm32f3xx_hal_tim.o(i.TIM_TI2_ConfigInputStage)
    TIM_TI2_ConfigInputStage                 0x08003b8f   Thumb Code    40  stm32f3xx_hal_tim.o(i.TIM_TI2_ConfigInputStage)
    i.UsageFault_Handler                     0x08003bb6   Section        0  stm32f3xx_it.o(i.UsageFault_Handler)
    i.Yiorderfilter                          0x08003bbc   Section        0  gyro.o(i.Yiorderfilter)
    i.__ARM_fpclassify                       0x08003bfc   Section        0  fpclassify.o(i.__ARM_fpclassify)
    i.__NVIC_GetPriorityGrouping             0x08003c2c   Section        0  stm32f3xx_hal_cortex.o(i.__NVIC_GetPriorityGrouping)
    __NVIC_GetPriorityGrouping               0x08003c2d   Thumb Code    10  stm32f3xx_hal_cortex.o(i.__NVIC_GetPriorityGrouping)
    i.__NVIC_SetPriority                     0x08003c3c   Section        0  stm32f3xx_hal_cortex.o(i.__NVIC_SetPriority)
    __NVIC_SetPriority                       0x08003c3d   Thumb Code    32  stm32f3xx_hal_cortex.o(i.__NVIC_SetPriority)
    i.__hardfp_atan                          0x08003c68   Section        0  atan.o(i.__hardfp_atan)
    i.__hardfp_atan2                         0x08003f40   Section        0  atan2.o(i.__hardfp_atan2)
    i.__kernel_poly                          0x08004140   Section        0  poly.o(i.__kernel_poly)
    i.__mathlib_dbl_infnan                   0x08004238   Section        0  dunder.o(i.__mathlib_dbl_infnan)
    i.__mathlib_dbl_infnan2                  0x0800424c   Section        0  dunder.o(i.__mathlib_dbl_infnan2)
    i.__mathlib_dbl_underflow                0x08004260   Section        0  dunder.o(i.__mathlib_dbl_underflow)
    i.angle_calculate                        0x08004280   Section        0  gyro.o(i.angle_calculate)
    i.atan                                   0x080043dc   Section        0  atan.o(i.atan)
    i.countpulse                             0x080043ec   Section        0  encoder_control.o(i.countpulse)
    i.fabs                                   0x08004458   Section        0  fabs.o(i.fabs)
    i.main                                   0x08004470   Section        0  main.o(i.main)
    x$fpl$basic                              0x080044dc   Section       24  basic.o(x$fpl$basic)
    $v0                                      0x080044dc   Number         0  basic.o(x$fpl$basic)
    x$fpl$d2f                                0x080044f4   Section       98  d2f.o(x$fpl$d2f)
    $v0                                      0x080044f4   Number         0  d2f.o(x$fpl$d2f)
    x$fpl$dadd                               0x08004558   Section      336  daddsub_clz.o(x$fpl$dadd)
    $v0                                      0x08004558   Number         0  daddsub_clz.o(x$fpl$dadd)
    _dadd1                                   0x08004569   Thumb Code     0  daddsub_clz.o(x$fpl$dadd)
    x$fpl$dcmpinf                            0x080046a8   Section       24  dcmpi.o(x$fpl$dcmpinf)
    $v0                                      0x080046a8   Number         0  dcmpi.o(x$fpl$dcmpinf)
    x$fpl$ddiv                               0x080046c0   Section      688  ddiv.o(x$fpl$ddiv)
    $v0                                      0x080046c0   Number         0  ddiv.o(x$fpl$ddiv)
    ddiv_entry                               0x080046c7   Thumb Code     0  ddiv.o(x$fpl$ddiv)
    x$fpl$deqf                               0x08004970   Section      120  deqf.o(x$fpl$deqf)
    $v0                                      0x08004970   Number         0  deqf.o(x$fpl$deqf)
    x$fpl$dfix                               0x080049e8   Section       94  dfix.o(x$fpl$dfix)
    $v0                                      0x080049e8   Number         0  dfix.o(x$fpl$dfix)
    x$fpl$dflt                               0x08004a46   Section       46  dflt_clz.o(x$fpl$dflt)
    $v0                                      0x08004a46   Number         0  dflt_clz.o(x$fpl$dflt)
    x$fpl$dmul                               0x08004a74   Section      340  dmul.o(x$fpl$dmul)
    $v0                                      0x08004a74   Number         0  dmul.o(x$fpl$dmul)
    x$fpl$dnaninf                            0x08004bc8   Section      156  dnaninf.o(x$fpl$dnaninf)
    $v0                                      0x08004bc8   Number         0  dnaninf.o(x$fpl$dnaninf)
    x$fpl$dretinf                            0x08004c64   Section       12  dretinf.o(x$fpl$dretinf)
    $v0                                      0x08004c64   Number         0  dretinf.o(x$fpl$dretinf)
    x$fpl$drsb                               0x08004c70   Section       22  daddsub_clz.o(x$fpl$drsb)
    $v0                                      0x08004c70   Number         0  daddsub_clz.o(x$fpl$drsb)
    x$fpl$dsub                               0x08004c88   Section      468  daddsub_clz.o(x$fpl$dsub)
    $v0                                      0x08004c88   Number         0  daddsub_clz.o(x$fpl$dsub)
    _dsub1                                   0x08004c99   Thumb Code     0  daddsub_clz.o(x$fpl$dsub)
    x$fpl$f2d                                0x08004e5c   Section       86  f2d.o(x$fpl$f2d)
    $v0                                      0x08004e5c   Number         0  f2d.o(x$fpl$f2d)
    x$fpl$fnaninf                            0x08004eb2   Section      140  fnaninf.o(x$fpl$fnaninf)
    $v0                                      0x08004eb2   Number         0  fnaninf.o(x$fpl$fnaninf)
    x$fpl$fpinit                             0x08004f3e   Section       10  fpinit.o(x$fpl$fpinit)
    $v0                                      0x08004f3e   Number         0  fpinit.o(x$fpl$fpinit)
    x$fpl$fretinf                            0x08004f48   Section       10  fretinf.o(x$fpl$fretinf)
    $v0                                      0x08004f48   Number         0  fretinf.o(x$fpl$fretinf)
    .constdata                               0x08004f52   Section       32  stm32f3xx_hal_rcc.o(.constdata)
    x$fpl$usenofp                            0x08004f52   Section        0  usenofp.o(x$fpl$usenofp)
    aPLLMULFactorTable                       0x08004f52   Data          16  stm32f3xx_hal_rcc.o(.constdata)
    aPredivFactorTable                       0x08004f62   Data          16  stm32f3xx_hal_rcc.o(.constdata)
    .constdata                               0x08004f72   Section       24  system_stm32f3xx.o(.constdata)
    .constdata                               0x08004f90   Section      152  atan.o(.constdata)
    atanhi                                   0x08004f90   Data          32  atan.o(.constdata)
    atanlo                                   0x08004fb0   Data          32  atan.o(.constdata)
    aTodd                                    0x08004fd0   Data          40  atan.o(.constdata)
    aTeven                                   0x08004ff8   Data          48  atan.o(.constdata)
    .constdata                               0x08005028   Section        8  qnan.o(.constdata)
    .data                                    0x20000000   Section       36  encoder_control.o(.data)
    .data                                    0x20000024   Section      136  gyro.o(.data)
    .data                                    0x200000ac   Section        4  jump_control.o(.data)
    .data                                    0x200000b0   Section       76  pwm_control.o(.data)
    .data                                    0x200000fc   Section        4  stm32f3xx_it.o(.data)
    .data                                    0x20000100   Section        9  stm32f3xx_hal.o(.data)
    .data                                    0x2000010c   Section        4  system_stm32f3xx.o(.data)
    .bss                                     0x20000110   Section       80  gyro.o(.bss)
    .bss                                     0x20000160   Section       84  i2c.o(.bss)
    .bss                                     0x200001b4   Section      152  tim.o(.bss)
    .bss                                     0x2000024c   Section       96  libspace.o(.bss)
    HEAP                                     0x200002b0   Section      512  startup_stm32f303xc.o(HEAP)
    Heap_Mem                                 0x200002b0   Data         512  startup_stm32f303xc.o(HEAP)
    STACK                                    0x200004b0   Section     1024  startup_stm32f303xc.o(STACK)
    Stack_Mem                                0x200004b0   Data        1024  startup_stm32f303xc.o(STACK)
    __initial_sp                             0x200008b0   Data           0  startup_stm32f303xc.o(STACK)

    Global Symbols

    Symbol Name                              Value     Ov Type        Size  Object(Section)

    BuildAttributes$$THM_ISAv4$E$P$D$K$B$S$7EM$VFPi3$EXTD16$VFPS$VFMA$PE$A:L22UL41UL21$X:L11$S22US41US21$IEEE1$IW$USESV6$~STKCKD$USESV7$~SHL$OTIME$ROPI$IEEEX$EBA8$UX$STANDARDLIB$REQ8$PRES8$EABIv2 0x00000000   Number         0  anon$$obj.o ABSOLUTE
    __ARM_use_no_argv                        0x00000000   Number         0  main.o ABSOLUTE
    __ARM_exceptions_init                     - Undefined Weak Reference
    __alloca_initialize                       - Undefined Weak Reference
    __arm_fini_                               - Undefined Weak Reference
    __arm_preinit_                            - Undefined Weak Reference
    __cpp_initialize__aeabi_                  - Undefined Weak Reference
    __cxa_finalize                            - Undefined Weak Reference
    __rt_locale                               - Undefined Weak Reference
    __sigvec_lookup                           - Undefined Weak Reference
    _atexit_init                              - Undefined Weak Reference
    _call_atexit_fns                          - Undefined Weak Reference
    _clock_init                               - Undefined Weak Reference
    _fp_trap_init                             - Undefined Weak Reference
    _fp_trap_shutdown                         - Undefined Weak Reference
    _get_lc_collate                           - Undefined Weak Reference
    _get_lc_ctype                             - Undefined Weak Reference
    _get_lc_monetary                          - Undefined Weak Reference
    _get_lc_numeric                           - Undefined Weak Reference
    _get_lc_time                              - Undefined Weak Reference
    _getenv_init                              - Undefined Weak Reference
    _handle_redirection                       - Undefined Weak Reference
    _init_alloc                               - Undefined Weak Reference
    _init_user_alloc                          - Undefined Weak Reference
    _initio                                   - Undefined Weak Reference
    _rand_init                                - Undefined Weak Reference
    _signal_finish                            - Undefined Weak Reference
    _signal_init                              - Undefined Weak Reference
    _terminate_alloc                          - Undefined Weak Reference
    _terminate_user_alloc                     - Undefined Weak Reference
    _terminateio                              - Undefined Weak Reference
    __Vectors_Size                           0x00000188   Number         0  startup_stm32f303xc.o ABSOLUTE
    __Vectors                                0x08000000   Data           4  startup_stm32f303xc.o(RESET)
    __Vectors_End                            0x08000188   Data           0  startup_stm32f303xc.o(RESET)
    __main                                   0x08000189   Thumb Code     8  __main.o(!!!main)
    __scatterload                            0x08000191   Thumb Code     0  __scatter.o(!!!scatter)
    __scatterload_rt2                        0x08000191   Thumb Code    44  __scatter.o(!!!scatter)
    __scatterload_rt2_thumb_only             0x08000191   Thumb Code     0  __scatter.o(!!!scatter)
    __scatterload_null                       0x0800019f   Thumb Code     0  __scatter.o(!!!scatter)
    __scatterload_copy                       0x080001c5   Thumb Code    26  __scatter_copy.o(!!handler_copy)
    __scatterload_zeroinit                   0x080001e1   Thumb Code    28  __scatter_zi.o(!!handler_zi)
    __rt_lib_init                            0x080001fd   Thumb Code     0  libinit.o(.ARM.Collect$$libinit$$00000000)
    __rt_lib_init_fp_1                       0x080001ff   Thumb Code     0  libinit2.o(.ARM.Collect$$libinit$$00000001)
    __rt_lib_init_alloca_1                   0x08000203   Thumb Code     0  libinit2.o(.ARM.Collect$$libinit$$0000002E)
    __rt_lib_init_argv_1                     0x08000203   Thumb Code     0  libinit2.o(.ARM.Collect$$libinit$$0000002C)
    __rt_lib_init_atexit_1                   0x08000203   Thumb Code     0  libinit2.o(.ARM.Collect$$libinit$$0000001B)
    __rt_lib_init_clock_1                    0x08000203   Thumb Code     0  libinit2.o(.ARM.Collect$$libinit$$00000021)
    __rt_lib_init_cpp_1                      0x08000203   Thumb Code     0  libinit2.o(.ARM.Collect$$libinit$$00000032)
    __rt_lib_init_exceptions_1               0x08000203   Thumb Code     0  libinit2.o(.ARM.Collect$$libinit$$00000030)
    __rt_lib_init_fp_trap_1                  0x08000203   Thumb Code     0  libinit2.o(.ARM.Collect$$libinit$$0000001F)
    __rt_lib_init_getenv_1                   0x08000203   Thumb Code     0  libinit2.o(.ARM.Collect$$libinit$$00000023)
    __rt_lib_init_heap_1                     0x08000203   Thumb Code     0  libinit2.o(.ARM.Collect$$libinit$$0000000A)
    __rt_lib_init_lc_collate_1               0x08000203   Thumb Code     0  libinit2.o(.ARM.Collect$$libinit$$00000011)
    __rt_lib_init_lc_ctype_1                 0x08000203   Thumb Code     0  libinit2.o(.ARM.Collect$$libinit$$00000013)
    __rt_lib_init_lc_monetary_1              0x08000203   Thumb Code     0  libinit2.o(.ARM.Collect$$libinit$$00000015)
    __rt_lib_init_lc_numeric_1               0x08000203   Thumb Code     0  libinit2.o(.ARM.Collect$$libinit$$00000017)
    __rt_lib_init_lc_time_1                  0x08000203   Thumb Code     0  libinit2.o(.ARM.Collect$$libinit$$00000019)
    __rt_lib_init_preinit_1                  0x08000203   Thumb Code     0  libinit2.o(.ARM.Collect$$libinit$$00000004)
    __rt_lib_init_rand_1                     0x08000203   Thumb Code     0  libinit2.o(.ARM.Collect$$libinit$$0000000E)
    __rt_lib_init_return                     0x08000203   Thumb Code     0  libinit2.o(.ARM.Collect$$libinit$$00000033)
    __rt_lib_init_signal_1                   0x08000203   Thumb Code     0  libinit2.o(.ARM.Collect$$libinit$$0000001D)
    __rt_lib_init_stdio_1                    0x08000203   Thumb Code     0  libinit2.o(.ARM.Collect$$libinit$$00000025)
    __rt_lib_init_user_alloc_1               0x08000203   Thumb Code     0  libinit2.o(.ARM.Collect$$libinit$$0000000C)
    __rt_lib_shutdown                        0x08000205   Thumb Code     0  libshutdown.o(.ARM.Collect$$libshutdown$$00000000)
    __rt_lib_shutdown_cpp_1                  0x08000207   Thumb Code     0  libshutdown2.o(.ARM.Collect$$libshutdown$$00000004)
    __rt_lib_shutdown_fini_1                 0x08000207   Thumb Code     0  libshutdown2.o(.ARM.Collect$$libshutdown$$00000002)
    __rt_lib_shutdown_fp_trap_1              0x08000207   Thumb Code     0  libshutdown2.o(.ARM.Collect$$libshutdown$$00000009)
    __rt_lib_shutdown_heap_1                 0x08000207   Thumb Code     0  libshutdown2.o(.ARM.Collect$$libshutdown$$00000011)
    __rt_lib_shutdown_return                 0x08000207   Thumb Code     0  libshutdown2.o(.ARM.Collect$$libshutdown$$00000012)
    __rt_lib_shutdown_signal_1               0x08000207   Thumb Code     0  libshutdown2.o(.ARM.Collect$$libshutdown$$0000000C)
    __rt_lib_shutdown_stdio_1                0x08000207   Thumb Code     0  libshutdown2.o(.ARM.Collect$$libshutdown$$00000006)
    __rt_lib_shutdown_user_alloc_1           0x08000207   Thumb Code     0  libshutdown2.o(.ARM.Collect$$libshutdown$$0000000E)
    __rt_entry                               0x08000209   Thumb Code     0  __rtentry.o(.ARM.Collect$$rtentry$$00000000)
    __rt_entry_presh_1                       0x08000209   Thumb Code     0  __rtentry2.o(.ARM.Collect$$rtentry$$00000002)
    __rt_entry_sh                            0x08000209   Thumb Code     0  __rtentry4.o(.ARM.Collect$$rtentry$$00000004)
    __rt_entry_li                            0x0800020f   Thumb Code     0  __rtentry2.o(.ARM.Collect$$rtentry$$0000000A)
    __rt_entry_postsh_1                      0x0800020f   Thumb Code     0  __rtentry2.o(.ARM.Collect$$rtentry$$00000009)
    __rt_entry_main                          0x08000213   Thumb Code     0  __rtentry2.o(.ARM.Collect$$rtentry$$0000000D)
    __rt_entry_postli_1                      0x08000213   Thumb Code     0  __rtentry2.o(.ARM.Collect$$rtentry$$0000000C)
    __rt_exit                                0x0800021b   Thumb Code     0  rtexit.o(.ARM.Collect$$rtexit$$00000000)
    __rt_exit_ls                             0x0800021d   Thumb Code     0  rtexit2.o(.ARM.Collect$$rtexit$$00000003)
    __rt_exit_prels_1                        0x0800021d   Thumb Code     0  rtexit2.o(.ARM.Collect$$rtexit$$00000002)
    __rt_exit_exit                           0x08000221   Thumb Code     0  rtexit2.o(.ARM.Collect$$rtexit$$00000004)
    Reset_Handler                            0x08000229   Thumb Code     8  startup_stm32f303xc.o(.text)
    ADC1_2_IRQHandler                        0x08000243   Thumb Code     0  startup_stm32f303xc.o(.text)
    ADC3_IRQHandler                          0x08000243   Thumb Code     0  startup_stm32f303xc.o(.text)
    ADC4_IRQHandler                          0x08000243   Thumb Code     0  startup_stm32f303xc.o(.text)
    CAN_RX1_IRQHandler                       0x08000243   Thumb Code     0  startup_stm32f303xc.o(.text)
    CAN_SCE_IRQHandler                       0x08000243   Thumb Code     0  startup_stm32f303xc.o(.text)
    COMP1_2_3_IRQHandler                     0x08000243   Thumb Code     0  startup_stm32f303xc.o(.text)
    COMP4_5_6_IRQHandler                     0x08000243   Thumb Code     0  startup_stm32f303xc.o(.text)
    COMP7_IRQHandler                         0x08000243   Thumb Code     0  startup_stm32f303xc.o(.text)
    DMA1_Channel1_IRQHandler                 0x08000243   Thumb Code     0  startup_stm32f303xc.o(.text)
    DMA1_Channel2_IRQHandler                 0x08000243   Thumb Code     0  startup_stm32f303xc.o(.text)
    DMA1_Channel3_IRQHandler                 0x08000243   Thumb Code     0  startup_stm32f303xc.o(.text)
    DMA1_Channel4_IRQHandler                 0x08000243   Thumb Code     0  startup_stm32f303xc.o(.text)
    DMA1_Channel5_IRQHandler                 0x08000243   Thumb Code     0  startup_stm32f303xc.o(.text)
    DMA1_Channel6_IRQHandler                 0x08000243   Thumb Code     0  startup_stm32f303xc.o(.text)
    DMA1_Channel7_IRQHandler                 0x08000243   Thumb Code     0  startup_stm32f303xc.o(.text)
    DMA2_Channel1_IRQHandler                 0x08000243   Thumb Code     0  startup_stm32f303xc.o(.text)
    DMA2_Channel2_IRQHandler                 0x08000243   Thumb Code     0  startup_stm32f303xc.o(.text)
    DMA2_Channel3_IRQHandler                 0x08000243   Thumb Code     0  startup_stm32f303xc.o(.text)
    DMA2_Channel4_IRQHandler                 0x08000243   Thumb Code     0  startup_stm32f303xc.o(.text)
    DMA2_Channel5_IRQHandler                 0x08000243   Thumb Code     0  startup_stm32f303xc.o(.text)
    EXTI0_IRQHandler                         0x08000243   Thumb Code     0  startup_stm32f303xc.o(.text)
    EXTI1_IRQHandler                         0x08000243   Thumb Code     0  startup_stm32f303xc.o(.text)
    EXTI2_TSC_IRQHandler                     0x08000243   Thumb Code     0  startup_stm32f303xc.o(.text)
    EXTI3_IRQHandler                         0x08000243   Thumb Code     0  startup_stm32f303xc.o(.text)
    EXTI4_IRQHandler                         0x08000243   Thumb Code     0  startup_stm32f303xc.o(.text)
    EXTI9_5_IRQHandler                       0x08000243   Thumb Code     0  startup_stm32f303xc.o(.text)
    FLASH_IRQHandler                         0x08000243   Thumb Code     0  startup_stm32f303xc.o(.text)
    FPU_IRQHandler                           0x08000243   Thumb Code     0  startup_stm32f303xc.o(.text)
    I2C1_ER_IRQHandler                       0x08000243   Thumb Code     0  startup_stm32f303xc.o(.text)
    I2C1_EV_IRQHandler                       0x08000243   Thumb Code     0  startup_stm32f303xc.o(.text)
    I2C2_ER_IRQHandler                       0x08000243   Thumb Code     0  startup_stm32f303xc.o(.text)
    I2C2_EV_IRQHandler                       0x08000243   Thumb Code     0  startup_stm32f303xc.o(.text)
    PVD_IRQHandler                           0x08000243   Thumb Code     0  startup_stm32f303xc.o(.text)
    RCC_IRQHandler                           0x08000243   Thumb Code     0  startup_stm32f303xc.o(.text)
    RTC_Alarm_IRQHandler                     0x08000243   Thumb Code     0  startup_stm32f303xc.o(.text)
    RTC_WKUP_IRQHandler                      0x08000243   Thumb Code     0  startup_stm32f303xc.o(.text)
    SPI1_IRQHandler                          0x08000243   Thumb Code     0  startup_stm32f303xc.o(.text)
    SPI2_IRQHandler                          0x08000243   Thumb Code     0  startup_stm32f303xc.o(.text)
    SPI3_IRQHandler                          0x08000243   Thumb Code     0  startup_stm32f303xc.o(.text)
    TAMP_STAMP_IRQHandler                    0x08000243   Thumb Code     0  startup_stm32f303xc.o(.text)
    TIM1_BRK_TIM15_IRQHandler                0x08000243   Thumb Code     0  startup_stm32f303xc.o(.text)
    TIM1_CC_IRQHandler                       0x08000243   Thumb Code     0  startup_stm32f303xc.o(.text)
    TIM1_TRG_COM_TIM17_IRQHandler            0x08000243   Thumb Code     0  startup_stm32f303xc.o(.text)
    TIM1_UP_TIM16_IRQHandler                 0x08000243   Thumb Code     0  startup_stm32f303xc.o(.text)
    TIM3_IRQHandler                          0x08000243   Thumb Code     0  startup_stm32f303xc.o(.text)
    TIM4_IRQHandler                          0x08000243   Thumb Code     0  startup_stm32f303xc.o(.text)
    TIM6_DAC_IRQHandler                      0x08000243   Thumb Code     0  startup_stm32f303xc.o(.text)
    TIM7_IRQHandler                          0x08000243   Thumb Code     0  startup_stm32f303xc.o(.text)
    TIM8_BRK_IRQHandler                      0x08000243   Thumb Code     0  startup_stm32f303xc.o(.text)
    TIM8_CC_IRQHandler                       0x08000243   Thumb Code     0  startup_stm32f303xc.o(.text)
    TIM8_TRG_COM_IRQHandler                  0x08000243   Thumb Code     0  startup_stm32f303xc.o(.text)
    TIM8_UP_IRQHandler                       0x08000243   Thumb Code     0  startup_stm32f303xc.o(.text)
    UART4_IRQHandler                         0x08000243   Thumb Code     0  startup_stm32f303xc.o(.text)
    UART5_IRQHandler                         0x08000243   Thumb Code     0  startup_stm32f303xc.o(.text)
    USART1_IRQHandler                        0x08000243   Thumb Code     0  startup_stm32f303xc.o(.text)
    USART2_IRQHandler                        0x08000243   Thumb Code     0  startup_stm32f303xc.o(.text)
    USART3_IRQHandler                        0x08000243   Thumb Code     0  startup_stm32f303xc.o(.text)
    USBWakeUp_IRQHandler                     0x08000243   Thumb Code     0  startup_stm32f303xc.o(.text)
    USBWakeUp_RMP_IRQHandler                 0x08000243   Thumb Code     0  startup_stm32f303xc.o(.text)
    USB_HP_CAN_TX_IRQHandler                 0x08000243   Thumb Code     0  startup_stm32f303xc.o(.text)
    USB_HP_IRQHandler                        0x08000243   Thumb Code     0  startup_stm32f303xc.o(.text)
    USB_LP_CAN_RX0_IRQHandler                0x08000243   Thumb Code     0  startup_stm32f303xc.o(.text)
    USB_LP_IRQHandler                        0x08000243   Thumb Code     0  startup_stm32f303xc.o(.text)
    WWDG_IRQHandler                          0x08000243   Thumb Code     0  startup_stm32f303xc.o(.text)
    __user_initial_stackheap                 0x08000245   Thumb Code     0  startup_stm32f303xc.o(.text)
    __aeabi_uldivmod                         0x08000269   Thumb Code     0  lludivv7m.o(.text)
    _ll_udiv                                 0x08000269   Thumb Code   238  lludivv7m.o(.text)
    __aeabi_memclr4                          0x08000357   Thumb Code     0  rt_memclr_w.o(.text)
    __aeabi_memclr8                          0x08000357   Thumb Code     0  rt_memclr_w.o(.text)
    __rt_memclr_w                            0x08000357   Thumb Code    78  rt_memclr_w.o(.text)
    _memset_w                                0x0800035b   Thumb Code     0  rt_memclr_w.o(.text)
    __use_two_region_memory                  0x080003a5   Thumb Code     2  heapauxi.o(.text)
    __rt_heap_escrow$2region                 0x080003a7   Thumb Code     2  heapauxi.o(.text)
    __rt_heap_expand$2region                 0x080003a9   Thumb Code     2  heapauxi.o(.text)
    __read_errno                             0x080003ab   Thumb Code    10  _rserrno.o(.text)
    __set_errno                              0x080003b5   Thumb Code    12  _rserrno.o(.text)
    __aeabi_errno_addr                       0x080003c1   Thumb Code     8  rt_errno_addr_intlibspace.o(.text)
    __errno$intlibspace                      0x080003c1   Thumb Code     0  rt_errno_addr_intlibspace.o(.text)
    __rt_errno_addr$intlibspace              0x080003c1   Thumb Code     0  rt_errno_addr_intlibspace.o(.text)
    __user_libspace                          0x080003c9   Thumb Code     8  libspace.o(.text)
    __user_perproc_libspace                  0x080003c9   Thumb Code     0  libspace.o(.text)
    __user_perthread_libspace                0x080003c9   Thumb Code     0  libspace.o(.text)
    __user_setup_stackheap                   0x080003d1   Thumb Code    74  sys_stackheap_outer.o(.text)
    exit                                     0x0800041b   Thumb Code    18  exit.o(.text)
    _sys_exit                                0x0800042d   Thumb Code     8  sys_exit.o(.text)
    __I$use$semihosting                      0x08000439   Thumb Code     0  use_no_semi.o(.text)
    __use_no_semihosting_swi                 0x08000439   Thumb Code     2  use_no_semi.o(.text)
    BusFault_Handler                         0x0800043b   Thumb Code     4  stm32f3xx_it.o(i.BusFault_Handler)
    __semihosting_library_function           0x0800043b   Thumb Code     0  indicate_semi.o(.text)
    Code_Hall                                0x08000441   Thumb Code    12  encoder_control.o(i.Code_Hall)
    DebugMon_Handler                         0x08000451   Thumb Code     2  stm32f3xx_it.o(i.DebugMon_Handler)
    EXTI15_10_IRQHandler                     0x08000453   Thumb Code    20  stm32f3xx_it.o(i.EXTI15_10_IRQHandler)
    Error_Handler                            0x08000467   Thumb Code     6  main.o(i.Error_Handler)
    HAL_Delay                                0x0800046d   Thumb Code    36  stm32f3xx_hal.o(i.HAL_Delay)
    HAL_GPIO_EXTI_Callback                   0x08000495   Thumb Code    16  stm32f3xx_it.o(i.HAL_GPIO_EXTI_Callback)
    HAL_GPIO_EXTI_IRQHandler                 0x080004a5   Thumb Code    24  stm32f3xx_hal_gpio.o(i.HAL_GPIO_EXTI_IRQHandler)
    HAL_GPIO_Init                            0x080004c1   Thumb Code   418  stm32f3xx_hal_gpio.o(i.HAL_GPIO_Init)
    HAL_GPIO_WritePin                        0x08000681   Thumb Code    10  stm32f3xx_hal_gpio.o(i.HAL_GPIO_WritePin)
    HAL_GetTick                              0x0800068d   Thumb Code     6  stm32f3xx_hal.o(i.HAL_GetTick)
    HAL_I2CEx_ConfigAnalogFilter             0x08000699   Thumb Code   106  stm32f3xx_hal_i2c_ex.o(i.HAL_I2CEx_ConfigAnalogFilter)
    HAL_I2CEx_ConfigDigitalFilter            0x08000703   Thumb Code   104  stm32f3xx_hal_i2c_ex.o(i.HAL_I2CEx_ConfigDigitalFilter)
    HAL_I2C_Init                             0x0800076d   Thumb Code   212  stm32f3xx_hal_i2c.o(i.HAL_I2C_Init)
    HAL_I2C_Mem_Read                         0x08000845   Thumb Code   408  stm32f3xx_hal_i2c.o(i.HAL_I2C_Mem_Read)
    HAL_I2C_Mem_Write                        0x080009e5   Thumb Code   402  stm32f3xx_hal_i2c.o(i.HAL_I2C_Mem_Write)
    HAL_I2C_MspInit                          0x08000b7d   Thumb Code   168  i2c.o(i.HAL_I2C_MspInit)
    HAL_IncTick                              0x08000c31   Thumb Code    16  stm32f3xx_hal.o(i.HAL_IncTick)
    HAL_Init                                 0x08000c49   Thumb Code    34  stm32f3xx_hal.o(i.HAL_Init)
    HAL_InitTick                             0x08000c71   Thumb Code    64  stm32f3xx_hal.o(i.HAL_InitTick)
    HAL_MspInit                              0x08000cbd   Thumb Code    58  stm32f3xx_hal_msp.o(i.HAL_MspInit)
    HAL_NVIC_EnableIRQ                       0x08000cfd   Thumb Code    32  stm32f3xx_hal_cortex.o(i.HAL_NVIC_EnableIRQ)
    HAL_NVIC_SetPriority                     0x08000d1d   Thumb Code   124  stm32f3xx_hal_cortex.o(i.HAL_NVIC_SetPriority)
    HAL_NVIC_SetPriorityGrouping             0x08000d99   Thumb Code    32  stm32f3xx_hal_cortex.o(i.HAL_NVIC_SetPriorityGrouping)
    HAL_RCCEx_PeriphCLKConfig                0x08000dc1   Thumb Code   726  stm32f3xx_hal_rcc_ex.o(i.HAL_RCCEx_PeriphCLKConfig)
    HAL_RCC_ClockConfig                      0x080010a5   Thumb Code   664  stm32f3xx_hal_rcc.o(i.HAL_RCC_ClockConfig)
    HAL_RCC_GetSysClockFreq                  0x08001351   Thumb Code   110  stm32f3xx_hal_rcc.o(i.HAL_RCC_GetSysClockFreq)
    HAL_RCC_OscConfig                        0x080013d5   Thumb Code  2586  stm32f3xx_hal_rcc.o(i.HAL_RCC_OscConfig)
    HAL_SYSTICK_Config                       0x08001df9   Thumb Code    52  stm32f3xx_hal_cortex.o(i.HAL_SYSTICK_Config)
    HAL_TIMEx_Break2Callback                 0x08001e2d   Thumb Code     2  stm32f3xx_hal_tim_ex.o(i.HAL_TIMEx_Break2Callback)
    HAL_TIMEx_BreakCallback                  0x08001e2f   Thumb Code     2  stm32f3xx_hal_tim_ex.o(i.HAL_TIMEx_BreakCallback)
    HAL_TIMEx_CommutCallback                 0x08001e31   Thumb Code     2  stm32f3xx_hal_tim_ex.o(i.HAL_TIMEx_CommutCallback)
    HAL_TIMEx_ConfigBreakDeadTime            0x08001e35   Thumb Code   172  stm32f3xx_hal_tim_ex.o(i.HAL_TIMEx_ConfigBreakDeadTime)
    HAL_TIMEx_MasterConfigSynchronization    0x08001ee9   Thumb Code   158  stm32f3xx_hal_tim_ex.o(i.HAL_TIMEx_MasterConfigSynchronization)
    HAL_TIM_Base_Init                        0x08001f9d   Thumb Code   110  stm32f3xx_hal_tim.o(i.HAL_TIM_Base_Init)
    HAL_TIM_Base_MspInit                     0x0800200d   Thumb Code    94  tim.o(i.HAL_TIM_Base_MspInit)
    HAL_TIM_Base_Start_IT                    0x08002075   Thumb Code   130  stm32f3xx_hal_tim.o(i.HAL_TIM_Base_Start_IT)
    HAL_TIM_ConfigClockSource                0x08002111   Thumb Code   268  stm32f3xx_hal_tim.o(i.HAL_TIM_ConfigClockSource)
    HAL_TIM_IC_CaptureCallback               0x08002221   Thumb Code     2  stm32f3xx_hal_tim.o(i.HAL_TIM_IC_CaptureCallback)
    HAL_TIM_IRQHandler                       0x08002223   Thumb Code   396  stm32f3xx_hal_tim.o(i.HAL_TIM_IRQHandler)
    HAL_TIM_MspPostInit                      0x080023b1   Thumb Code    82  tim.o(i.HAL_TIM_MspPostInit)
    HAL_TIM_OC_DelayElapsedCallback          0x0800240d   Thumb Code     2  stm32f3xx_hal_tim.o(i.HAL_TIM_OC_DelayElapsedCallback)
    HAL_TIM_PWM_ConfigChannel                0x0800240f   Thumb Code   368  stm32f3xx_hal_tim.o(i.HAL_TIM_PWM_ConfigChannel)
    HAL_TIM_PWM_Init                         0x0800257f   Thumb Code   110  stm32f3xx_hal_tim.o(i.HAL_TIM_PWM_Init)
    HAL_TIM_PWM_MspInit                      0x080025ed   Thumb Code     2  stm32f3xx_hal_tim.o(i.HAL_TIM_PWM_MspInit)
    HAL_TIM_PWM_PulseFinishedCallback        0x080025ef   Thumb Code     2  stm32f3xx_hal_tim.o(i.HAL_TIM_PWM_PulseFinishedCallback)
    HAL_TIM_PWM_Start                        0x080025f1   Thumb Code   298  stm32f3xx_hal_tim.o(i.HAL_TIM_PWM_Start)
    HAL_TIM_PeriodElapsedCallback            0x0800273d   Thumb Code     2  stm32f3xx_hal_tim.o(i.HAL_TIM_PeriodElapsedCallback)
    HAL_TIM_TriggerCallback                  0x0800273f   Thumb Code     2  stm32f3xx_hal_tim.o(i.HAL_TIM_TriggerCallback)
    HardFault_Handler                        0x08002741   Thumb Code     4  stm32f3xx_it.o(i.HardFault_Handler)
    Kalman_Filter                            0x08002b15   Thumb Code   576  gyro.o(i.Kalman_Filter)
    MPU6050_Init                             0x08002d9d   Thumb Code   160  gyro.o(i.MPU6050_Init)
    MPU6050_Read_Accel                       0x08002e41   Thumb Code    86  gyro.o(i.MPU6050_Read_Accel)
    MPU6050_Read_Gyro                        0x08002e9d   Thumb Code    84  gyro.o(i.MPU6050_Read_Gyro)
    MX_GPIO_Init                             0x08002ef1   Thumb Code   234  gpio.o(i.MX_GPIO_Init)
    MX_I2C1_Init                             0x08002fe9   Thumb Code    74  i2c.o(i.MX_I2C1_Init)
    MX_TIM1_Init                             0x08003041   Thumb Code   224  tim.o(i.MX_TIM1_Init)
    MX_TIM2_Init                             0x08003129   Thumb Code   104  tim.o(i.MX_TIM2_Init)
    MemManage_Handler                        0x08003195   Thumb Code     4  stm32f3xx_it.o(i.MemManage_Handler)
    NMI_Handler                              0x08003199   Thumb Code     4  stm32f3xx_it.o(i.NMI_Handler)
    PD                                       0x0800319d   Thumb Code   118  pwm_control.o(i.PD)
    PendSV_Handler                           0x0800322d   Thumb Code     2  stm32f3xx_it.o(i.PendSV_Handler)
    ReactionWheelPWM                         0x08003231   Thumb Code   430  jump_control.o(i.ReactionWheelPWM)
    SVC_Handler                              0x0800340d   Thumb Code     2  stm32f3xx_it.o(i.SVC_Handler)
    SpeedPIout                               0x08003411   Thumb Code   308  encoder_control.o(i.SpeedPIout)
    SysTick_Handler                          0x0800357d   Thumb Code     8  stm32f3xx_it.o(i.SysTick_Handler)
    SystemClock_Config                       0x08003585   Thumb Code   140  main.o(i.SystemClock_Config)
    SystemInit                               0x08003611   Thumb Code    14  system_stm32f3xx.o(i.SystemInit)
    TIM2_IRQHandler                          0x08003625   Thumb Code   154  stm32f3xx_it.o(i.TIM2_IRQHandler)
    TIM_Base_SetConfig                       0x080036e9   Thumb Code   174  stm32f3xx_hal_tim.o(i.TIM_Base_SetConfig)
    TIM_CCxChannelCmd                        0x080037b5   Thumb Code    34  stm32f3xx_hal_tim.o(i.TIM_CCxChannelCmd)
    TIM_ETR_SetConfig                        0x080037d7   Thumb Code    22  stm32f3xx_hal_tim.o(i.TIM_ETR_SetConfig)
    TIM_OC2_SetConfig                        0x080038ad   Thumb Code   156  stm32f3xx_hal_tim.o(i.TIM_OC2_SetConfig)
    UsageFault_Handler                       0x08003bb7   Thumb Code     4  stm32f3xx_it.o(i.UsageFault_Handler)
    Yiorderfilter                            0x08003bbd   Thumb Code    52  gyro.o(i.Yiorderfilter)
    __ARM_fpclassify                         0x08003bfd   Thumb Code    48  fpclassify.o(i.__ARM_fpclassify)
    __hardfp_atan                            0x08003c69   Thumb Code   622  atan.o(i.__hardfp_atan)
    __hardfp_atan2                           0x08003f41   Thumb Code   448  atan2.o(i.__hardfp_atan2)
    __kernel_poly                            0x08004141   Thumb Code   248  poly.o(i.__kernel_poly)
    __mathlib_dbl_infnan                     0x08004239   Thumb Code    20  dunder.o(i.__mathlib_dbl_infnan)
    __mathlib_dbl_infnan2                    0x0800424d   Thumb Code    20  dunder.o(i.__mathlib_dbl_infnan2)
    __mathlib_dbl_underflow                  0x08004261   Thumb Code    24  dunder.o(i.__mathlib_dbl_underflow)
    angle_calculate                          0x08004281   Thumb Code   320  gyro.o(i.angle_calculate)
    atan                                     0x080043dd   Thumb Code    16  atan.o(i.atan)
    countpulse                               0x080043ed   Thumb Code    88  encoder_control.o(i.countpulse)
    fabs                                     0x08004459   Thumb Code    24  fabs.o(i.fabs)
    main                                     0x08004471   Thumb Code    90  main.o(i.main)
    __aeabi_dneg                             0x080044dd   Thumb Code     0  basic.o(x$fpl$basic)
    _dneg                                    0x080044dd   Thumb Code     6  basic.o(x$fpl$basic)
    __aeabi_fneg                             0x080044e3   Thumb Code     0  basic.o(x$fpl$basic)
    _fneg                                    0x080044e3   Thumb Code     6  basic.o(x$fpl$basic)
    _dabs                                    0x080044e9   Thumb Code     6  basic.o(x$fpl$basic)
    _fabs                                    0x080044ef   Thumb Code     6  basic.o(x$fpl$basic)
    __aeabi_d2f                              0x080044f5   Thumb Code     0  d2f.o(x$fpl$d2f)
    _d2f                                     0x080044f5   Thumb Code    98  d2f.o(x$fpl$d2f)
    __aeabi_dadd                             0x08004559   Thumb Code     0  daddsub_clz.o(x$fpl$dadd)
    _dadd                                    0x08004559   Thumb Code   332  daddsub_clz.o(x$fpl$dadd)
    __fpl_dcmp_Inf                           0x080046a9   Thumb Code    24  dcmpi.o(x$fpl$dcmpinf)
    __aeabi_ddiv                             0x080046c1   Thumb Code     0  ddiv.o(x$fpl$ddiv)
    _ddiv                                    0x080046c1   Thumb Code   552  ddiv.o(x$fpl$ddiv)
    __aeabi_cdcmpeq                          0x08004971   Thumb Code     0  deqf.o(x$fpl$deqf)
    _dcmpeq                                  0x08004971   Thumb Code   120  deqf.o(x$fpl$deqf)
    __aeabi_d2iz                             0x080049e9   Thumb Code     0  dfix.o(x$fpl$dfix)
    _dfix                                    0x080049e9   Thumb Code    94  dfix.o(x$fpl$dfix)
    __aeabi_i2d                              0x08004a47   Thumb Code     0  dflt_clz.o(x$fpl$dflt)
    _dflt                                    0x08004a47   Thumb Code    46  dflt_clz.o(x$fpl$dflt)
    __aeabi_dmul                             0x08004a75   Thumb Code     0  dmul.o(x$fpl$dmul)
    _dmul                                    0x08004a75   Thumb Code   332  dmul.o(x$fpl$dmul)
    __fpl_dnaninf                            0x08004bc9   Thumb Code   156  dnaninf.o(x$fpl$dnaninf)
    __fpl_dretinf                            0x08004c65   Thumb Code    12  dretinf.o(x$fpl$dretinf)
    __aeabi_drsub                            0x08004c71   Thumb Code     0  daddsub_clz.o(x$fpl$drsb)
    _drsb                                    0x08004c71   Thumb Code    22  daddsub_clz.o(x$fpl$drsb)
    __aeabi_dsub                             0x08004c89   Thumb Code     0  daddsub_clz.o(x$fpl$dsub)
    _dsub                                    0x08004c89   Thumb Code   464  daddsub_clz.o(x$fpl$dsub)
    __aeabi_f2d                              0x08004e5d   Thumb Code     0  f2d.o(x$fpl$f2d)
    _f2d                                     0x08004e5d   Thumb Code    86  f2d.o(x$fpl$f2d)
    __fpl_fnaninf                            0x08004eb3   Thumb Code   140  fnaninf.o(x$fpl$fnaninf)
    _fp_init                                 0x08004f3f   Thumb Code    10  fpinit.o(x$fpl$fpinit)
    __fplib_config_fpu_vfp                   0x08004f47   Thumb Code     0  fpinit.o(x$fpl$fpinit)
    __fplib_config_pureend_doubles           0x08004f47   Thumb Code     0  fpinit.o(x$fpl$fpinit)
    __fpl_fretinf                            0x08004f49   Thumb Code    10  fretinf.o(x$fpl$fretinf)
    __I$use$fp                               0x08004f52   Number         0  usenofp.o(x$fpl$usenofp)
    AHBPrescTable                            0x08004f72   Data          16  system_stm32f3xx.o(.constdata)
    APBPrescTable                            0x08004f82   Data           8  system_stm32f3xx.o(.constdata)
    __mathlib_zero                           0x08005028   Data           8  qnan.o(.constdata)
    Region$$Table$$Base                      0x08005030   Number         0  anon$$obj.o(Region$$Table)
    Region$$Table$$Limit                     0x08005050   Number         0  anon$$obj.o(Region$$Table)
    countHall                                0x20000000   Data           4  encoder_control.o(.data)
    rw                                       0x20000004   Data           4  encoder_control.o(.data)
    pulseCount                               0x20000008   Data           4  encoder_control.o(.data)
    rwPulse                                  0x2000000c   Data           4  encoder_control.o(.data)
    speeds_filterold                         0x20000010   Data           4  encoder_control.o(.data)
    positions                                0x20000014   Data           4  encoder_control.o(.data)
    PI_pwm                                   0x20000018   Data           8  encoder_control.o(.data)
    speeds_filter                            0x20000020   Data           4  encoder_control.o(.data)
    Q_angle                                  0x20000024   Data           4  gyro.o(.data)
    Q_gyro                                   0x20000028   Data           4  gyro.o(.data)
    R_angle                                  0x2000002c   Data           4  gyro.o(.data)
    C_0                                      0x20000030   Data           1  gyro.o(.data)
    dt                                       0x20000034   Data           4  gyro.o(.data)
    K1                                       0x20000038   Data           4  gyro.o(.data)
    K_0                                      0x2000003c   Data           4  gyro.o(.data)
    K_1                                      0x20000040   Data           4  gyro.o(.data)
    t_0                                      0x20000044   Data           4  gyro.o(.data)
    t_1                                      0x20000048   Data           4  gyro.o(.data)
    angle_err                                0x2000004c   Data           4  gyro.o(.data)
    q_bias                                   0x20000050   Data           4  gyro.o(.data)
    angle                                    0x20000054   Data           4  gyro.o(.data)
    angleY_one                               0x20000058   Data           4  gyro.o(.data)
    angle_speed                              0x2000005c   Data           4  gyro.o(.data)
    P                                        0x20000060   Data          16  gyro.o(.data)
    PCt_0                                    0x20000070   Data           4  gyro.o(.data)
    PCt_1                                    0x20000074   Data           4  gyro.o(.data)
    E                                        0x20000078   Data           4  gyro.o(.data)
    GyroData                                 0x2000007c   Data           6  gyro.o(.data)
    AccelData                                0x20000082   Data           6  gyro.o(.data)
    gyroX                                    0x20000088   Data           4  gyro.o(.data)
    gyroY                                    0x2000008c   Data           4  gyro.o(.data)
    gyroZ                                    0x20000090   Data           4  gyro.o(.data)
    accelX                                   0x20000094   Data           4  gyro.o(.data)
    accelY                                   0x20000098   Data           4  gyro.o(.data)
    accelZ                                   0x2000009c   Data           4  gyro.o(.data)
    Gyro_x                                   0x200000a0   Data           4  gyro.o(.data)
    Gyro_y                                   0x200000a4   Data           4  gyro.o(.data)
    Gyro_z                                   0x200000a8   Data           4  gyro.o(.data)
    loopOnce                                 0x200000ac   Data           4  jump_control.o(.data)
    angle0                                   0x200000b0   Data           4  pwm_control.o(.data)
    kp                                       0x200000b8   Data           8  pwm_control.o(.data)
    ki                                       0x200000c0   Data           8  pwm_control.o(.data)
    kd                                       0x200000c8   Data           8  pwm_control.o(.data)
    kp_speed                                 0x200000d0   Data           8  pwm_control.o(.data)
    ki_speed                                 0x200000d8   Data           8  pwm_control.o(.data)
    kd_speed                                 0x200000e0   Data           8  pwm_control.o(.data)
    targetAngle                              0x200000e8   Data           8  pwm_control.o(.data)
    PD_pwm                                   0x200000f0   Data           4  pwm_control.o(.data)
    pwmOut                                   0x200000f4   Data           4  pwm_control.o(.data)
    pwmOut2                                  0x200000f8   Data           4  pwm_control.o(.data)
    cc                                       0x200000fc   Data           4  stm32f3xx_it.o(.data)
    uwTick                                   0x20000100   Data           4  stm32f3xx_hal.o(.data)
    uwTickPrio                               0x20000104   Data           4  stm32f3xx_hal.o(.data)
    uwTickFreq                               0x20000108   Data           1  stm32f3xx_hal.o(.data)
    SystemCoreClock                          0x2000010c   Data           4  system_stm32f3xx.o(.data)
    Pdot                                     0x20000110   Data          16  gyro.o(.bss)
    MPU6050                                  0x20000120   Data          64  gyro.o(.bss)
    hi2c1                                    0x20000160   Data          84  i2c.o(.bss)
    htim1                                    0x200001b4   Data          76  tim.o(.bss)
    htim2                                    0x20000200   Data          76  tim.o(.bss)
    __libspace_start                         0x2000024c   Data          96  libspace.o(.bss)
    __temporary_stack_top$libspace           0x200002ac   Data           0  libspace.o(.bss)



==============================================================================

Memory Map of the image

  Image Entry point : 0x08000189

  Load Region LR_IROM1 (Base: 0x08000000, Size: 0x00005160, Max: 0x00040000, ABSOLUTE)

    Execution Region ER_IROM1 (Exec base: 0x08000000, Load base: 0x08000000, Size: 0x00005050, Max: 0x00040000, ABSOLUTE)

    Exec Addr    Load Addr    Size         Type   Attr      Idx    E Section Name        Object

    0x08000000   0x08000000   0x00000188   Data   RO            3    RESET               startup_stm32f303xc.o
    0x08000188   0x08000188   0x00000008   Code   RO         3305  * !!!main             c_w.l(__main.o)
    0x08000190   0x08000190   0x00000034   Code   RO         3573    !!!scatter          c_w.l(__scatter.o)
    0x080001c4   0x080001c4   0x0000001a   Code   RO         3575    !!handler_copy      c_w.l(__scatter_copy.o)
    0x080001de   0x080001de   0x00000002   PAD
    0x080001e0   0x080001e0   0x0000001c   Code   RO         3577    !!handler_zi        c_w.l(__scatter_zi.o)
    0x080001fc   0x080001fc   0x00000002   Code   RO         3444    .ARM.Collect$$libinit$$00000000  c_w.l(libinit.o)
    0x080001fe   0x080001fe   0x00000004   Code   RO         3453    .ARM.Collect$$libinit$$00000001  c_w.l(libinit2.o)
    0x08000202   0x08000202   0x00000000   Code   RO         3456    .ARM.Collect$$libinit$$00000004  c_w.l(libinit2.o)
    0x08000202   0x08000202   0x00000000   Code   RO         3459    .ARM.Collect$$libinit$$0000000A  c_w.l(libinit2.o)
    0x08000202   0x08000202   0x00000000   Code   RO         3461    .ARM.Collect$$libinit$$0000000C  c_w.l(libinit2.o)
    0x08000202   0x08000202   0x00000000   Code   RO         3463    .ARM.Collect$$libinit$$0000000E  c_w.l(libinit2.o)
    0x08000202   0x08000202   0x00000000   Code   RO         3466    .ARM.Collect$$libinit$$00000011  c_w.l(libinit2.o)
    0x08000202   0x08000202   0x00000000   Code   RO         3468    .ARM.Collect$$libinit$$00000013  c_w.l(libinit2.o)
    0x08000202   0x08000202   0x00000000   Code   RO         3470    .ARM.Collect$$libinit$$00000015  c_w.l(libinit2.o)
    0x08000202   0x08000202   0x00000000   Code   RO         3472    .ARM.Collect$$libinit$$00000017  c_w.l(libinit2.o)
    0x08000202   0x08000202   0x00000000   Code   RO         3474    .ARM.Collect$$libinit$$00000019  c_w.l(libinit2.o)
    0x08000202   0x08000202   0x00000000   Code   RO         3476    .ARM.Collect$$libinit$$0000001B  c_w.l(libinit2.o)
    0x08000202   0x08000202   0x00000000   Code   RO         3478    .ARM.Collect$$libinit$$0000001D  c_w.l(libinit2.o)
    0x08000202   0x08000202   0x00000000   Code   RO         3480    .ARM.Collect$$libinit$$0000001F  c_w.l(libinit2.o)
    0x08000202   0x08000202   0x00000000   Code   RO         3482    .ARM.Collect$$libinit$$00000021  c_w.l(libinit2.o)
    0x08000202   0x08000202   0x00000000   Code   RO         3484    .ARM.Collect$$libinit$$00000023  c_w.l(libinit2.o)
    0x08000202   0x08000202   0x00000000   Code   RO         3486    .ARM.Collect$$libinit$$00000025  c_w.l(libinit2.o)
    0x08000202   0x08000202   0x00000000   Code   RO         3490    .ARM.Collect$$libinit$$0000002C  c_w.l(libinit2.o)
    0x08000202   0x08000202   0x00000000   Code   RO         3492    .ARM.Collect$$libinit$$0000002E  c_w.l(libinit2.o)
    0x08000202   0x08000202   0x00000000   Code   RO         3494    .ARM.Collect$$libinit$$00000030  c_w.l(libinit2.o)
    0x08000202   0x08000202   0x00000000   Code   RO         3496    .ARM.Collect$$libinit$$00000032  c_w.l(libinit2.o)
    0x08000202   0x08000202   0x00000002   Code   RO         3497    .ARM.Collect$$libinit$$00000033  c_w.l(libinit2.o)
    0x08000204   0x08000204   0x00000002   Code   RO         3528    .ARM.Collect$$libshutdown$$00000000  c_w.l(libshutdown.o)
    0x08000206   0x08000206   0x00000000   Code   RO         3554    .ARM.Collect$$libshutdown$$00000002  c_w.l(libshutdown2.o)
    0x08000206   0x08000206   0x00000000   Code   RO         3556    .ARM.Collect$$libshutdown$$00000004  c_w.l(libshutdown2.o)
    0x08000206   0x08000206   0x00000000   Code   RO         3558    .ARM.Collect$$libshutdown$$00000006  c_w.l(libshutdown2.o)
    0x08000206   0x08000206   0x00000000   Code   RO         3561    .ARM.Collect$$libshutdown$$00000009  c_w.l(libshutdown2.o)
    0x08000206   0x08000206   0x00000000   Code   RO         3564    .ARM.Collect$$libshutdown$$0000000C  c_w.l(libshutdown2.o)
    0x08000206   0x08000206   0x00000000   Code   RO         3566    .ARM.Collect$$libshutdown$$0000000E  c_w.l(libshutdown2.o)
    0x08000206   0x08000206   0x00000000   Code   RO         3569    .ARM.Collect$$libshutdown$$00000011  c_w.l(libshutdown2.o)
    0x08000206   0x08000206   0x00000002   Code   RO         3570    .ARM.Collect$$libshutdown$$00000012  c_w.l(libshutdown2.o)
    0x08000208   0x08000208   0x00000000   Code   RO         3347    .ARM.Collect$$rtentry$$00000000  c_w.l(__rtentry.o)
    0x08000208   0x08000208   0x00000000   Code   RO         3401    .ARM.Collect$$rtentry$$00000002  c_w.l(__rtentry2.o)
    0x08000208   0x08000208   0x00000006   Code   RO         3413    .ARM.Collect$$rtentry$$00000004  c_w.l(__rtentry4.o)
    0x0800020e   0x0800020e   0x00000000   Code   RO         3403    .ARM.Collect$$rtentry$$00000009  c_w.l(__rtentry2.o)
    0x0800020e   0x0800020e   0x00000004   Code   RO         3404    .ARM.Collect$$rtentry$$0000000A  c_w.l(__rtentry2.o)
    0x08000212   0x08000212   0x00000000   Code   RO         3406    .ARM.Collect$$rtentry$$0000000C  c_w.l(__rtentry2.o)
    0x08000212   0x08000212   0x00000008   Code   RO         3407    .ARM.Collect$$rtentry$$0000000D  c_w.l(__rtentry2.o)
    0x0800021a   0x0800021a   0x00000002   Code   RO         3445    .ARM.Collect$$rtexit$$00000000  c_w.l(rtexit.o)
    0x0800021c   0x0800021c   0x00000000   Code   RO         3501    .ARM.Collect$$rtexit$$00000002  c_w.l(rtexit2.o)
    0x0800021c   0x0800021c   0x00000004   Code   RO         3502    .ARM.Collect$$rtexit$$00000003  c_w.l(rtexit2.o)
    0x08000220   0x08000220   0x00000006   Code   RO         3503    .ARM.Collect$$rtexit$$00000004  c_w.l(rtexit2.o)
    0x08000226   0x08000226   0x00000002   PAD
    0x08000228   0x08000228   0x00000040   Code   RO            4    .text               startup_stm32f303xc.o
    0x08000268   0x08000268   0x000000ee   Code   RO         3297    .text               c_w.l(lludivv7m.o)
    0x08000356   0x08000356   0x0000004e   Code   RO         3301    .text               c_w.l(rt_memclr_w.o)
    0x080003a4   0x080003a4   0x00000006   Code   RO         3303    .text               c_w.l(heapauxi.o)
    0x080003aa   0x080003aa   0x00000016   Code   RO         3352    .text               c_w.l(_rserrno.o)
    0x080003c0   0x080003c0   0x00000008   Code   RO         3420    .text               c_w.l(rt_errno_addr_intlibspace.o)
    0x080003c8   0x080003c8   0x00000008   Code   RO         3428    .text               c_w.l(libspace.o)
    0x080003d0   0x080003d0   0x0000004a   Code   RO         3431    .text               c_w.l(sys_stackheap_outer.o)
    0x0800041a   0x0800041a   0x00000012   Code   RO         3433    .text               c_w.l(exit.o)
    0x0800042c   0x0800042c   0x0000000c   Code   RO         3498    .text               c_w.l(sys_exit.o)
    0x08000438   0x08000438   0x00000002   Code   RO         3517    .text               c_w.l(use_no_semi.o)
    0x0800043a   0x0800043a   0x00000000   Code   RO         3519    .text               c_w.l(indicate_semi.o)
    0x0800043a   0x0800043a   0x00000004   Code   RO          547    i.BusFault_Handler  stm32f3xx_it.o
    0x0800043e   0x0800043e   0x00000002   PAD
    0x08000440   0x08000440   0x00000010   Code   RO           13    i.Code_Hall         encoder_control.o
    0x08000450   0x08000450   0x00000002   Code   RO          548    i.DebugMon_Handler  stm32f3xx_it.o
    0x08000452   0x08000452   0x00000014   Code   RO          549    i.EXTI15_10_IRQHandler  stm32f3xx_it.o
    0x08000466   0x08000466   0x00000006   Code   RO          372    i.Error_Handler     main.o
    0x0800046c   0x0800046c   0x00000028   Code   RO         1205    i.HAL_Delay         stm32f3xx_hal.o
    0x08000494   0x08000494   0x00000010   Code   RO          550    i.HAL_GPIO_EXTI_Callback  stm32f3xx_it.o
    0x080004a4   0x080004a4   0x0000001c   Code   RO         1520    i.HAL_GPIO_EXTI_IRQHandler  stm32f3xx_hal_gpio.o
    0x080004c0   0x080004c0   0x000001c0   Code   RO         1521    i.HAL_GPIO_Init     stm32f3xx_hal_gpio.o
    0x08000680   0x08000680   0x0000000a   Code   RO         1525    i.HAL_GPIO_WritePin  stm32f3xx_hal_gpio.o
    0x0800068a   0x0800068a   0x00000002   PAD
    0x0800068c   0x0800068c   0x0000000c   Code   RO         1209    i.HAL_GetTick       stm32f3xx_hal.o
    0x08000698   0x08000698   0x0000006a   Code   RO         1144    i.HAL_I2CEx_ConfigAnalogFilter  stm32f3xx_hal_i2c_ex.o
    0x08000702   0x08000702   0x00000068   Code   RO         1145    i.HAL_I2CEx_ConfigDigitalFilter  stm32f3xx_hal_i2c_ex.o
    0x0800076a   0x0800076a   0x00000002   PAD
    0x0800076c   0x0800076c   0x000000d8   Code   RO          683    i.HAL_I2C_Init      stm32f3xx_hal_i2c.o
    0x08000844   0x08000844   0x000001a0   Code   RO          701    i.HAL_I2C_Mem_Read  stm32f3xx_hal_i2c.o
    0x080009e4   0x080009e4   0x00000198   Code   RO          704    i.HAL_I2C_Mem_Write  stm32f3xx_hal_i2c.o
    0x08000b7c   0x08000b7c   0x000000b4   Code   RO          452    i.HAL_I2C_MspInit   i2c.o
    0x08000c30   0x08000c30   0x00000018   Code   RO         1215    i.HAL_IncTick       stm32f3xx_hal.o
    0x08000c48   0x08000c48   0x00000028   Code   RO         1216    i.HAL_Init          stm32f3xx_hal.o
    0x08000c70   0x08000c70   0x0000004c   Code   RO         1217    i.HAL_InitTick      stm32f3xx_hal.o
    0x08000cbc   0x08000cbc   0x00000040   Code   RO          648    i.HAL_MspInit       stm32f3xx_hal_msp.o
    0x08000cfc   0x08000cfc   0x00000020   Code   RO         1691    i.HAL_NVIC_EnableIRQ  stm32f3xx_hal_cortex.o
    0x08000d1c   0x08000d1c   0x0000007c   Code   RO         1697    i.HAL_NVIC_SetPriority  stm32f3xx_hal_cortex.o
    0x08000d98   0x08000d98   0x00000028   Code   RO         1698    i.HAL_NVIC_SetPriorityGrouping  stm32f3xx_hal_cortex.o
    0x08000dc0   0x08000dc0   0x000002e4   Code   RO         1478    i.HAL_RCCEx_PeriphCLKConfig  stm32f3xx_hal_rcc_ex.o
    0x080010a4   0x080010a4   0x000002ac   Code   RO         1373    i.HAL_RCC_ClockConfig  stm32f3xx_hal_rcc.o
    0x08001350   0x08001350   0x00000084   Code   RO         1382    i.HAL_RCC_GetSysClockFreq  stm32f3xx_hal_rcc.o
    0x080013d4   0x080013d4   0x00000a24   Code   RO         1385    i.HAL_RCC_OscConfig  stm32f3xx_hal_rcc.o
    0x08001df8   0x08001df8   0x00000034   Code   RO         1702    i.HAL_SYSTICK_Config  stm32f3xx_hal_cortex.o
    0x08001e2c   0x08001e2c   0x00000002   Code   RO         2982    i.HAL_TIMEx_Break2Callback  stm32f3xx_hal_tim_ex.o
    0x08001e2e   0x08001e2e   0x00000002   Code   RO         2983    i.HAL_TIMEx_BreakCallback  stm32f3xx_hal_tim_ex.o
    0x08001e30   0x08001e30   0x00000002   Code   RO         2984    i.HAL_TIMEx_CommutCallback  stm32f3xx_hal_tim_ex.o
    0x08001e32   0x08001e32   0x00000002   PAD
    0x08001e34   0x08001e34   0x000000b4   Code   RO         2986    i.HAL_TIMEx_ConfigBreakDeadTime  stm32f3xx_hal_tim_ex.o
    0x08001ee8   0x08001ee8   0x000000b4   Code   RO         3003    i.HAL_TIMEx_MasterConfigSynchronization  stm32f3xx_hal_tim_ex.o
    0x08001f9c   0x08001f9c   0x0000006e   Code   RO         2257    i.HAL_TIM_Base_Init  stm32f3xx_hal_tim.o
    0x0800200a   0x0800200a   0x00000002   PAD
    0x0800200c   0x0800200c   0x00000068   Code   RO          494    i.HAL_TIM_Base_MspInit  tim.o
    0x08002074   0x08002074   0x0000009c   Code   RO         2262    i.HAL_TIM_Base_Start_IT  stm32f3xx_hal_tim.o
    0x08002110   0x08002110   0x00000110   Code   RO         2266    i.HAL_TIM_ConfigClockSource  stm32f3xx_hal_tim.o
    0x08002220   0x08002220   0x00000002   Code   RO         2291    i.HAL_TIM_IC_CaptureCallback  stm32f3xx_hal_tim.o
    0x08002222   0x08002222   0x0000018c   Code   RO         2305    i.HAL_TIM_IRQHandler  stm32f3xx_hal_tim.o
    0x080023ae   0x080023ae   0x00000002   PAD
    0x080023b0   0x080023b0   0x0000005c   Code   RO          495    i.HAL_TIM_MspPostInit  tim.o
    0x0800240c   0x0800240c   0x00000002   Code   RO         2308    i.HAL_TIM_OC_DelayElapsedCallback  stm32f3xx_hal_tim.o
    0x0800240e   0x0800240e   0x00000170   Code   RO         2329    i.HAL_TIM_PWM_ConfigChannel  stm32f3xx_hal_tim.o
    0x0800257e   0x0800257e   0x0000006e   Code   RO         2332    i.HAL_TIM_PWM_Init  stm32f3xx_hal_tim.o
    0x080025ec   0x080025ec   0x00000002   Code   RO         2334    i.HAL_TIM_PWM_MspInit  stm32f3xx_hal_tim.o
    0x080025ee   0x080025ee   0x00000002   Code   RO         2335    i.HAL_TIM_PWM_PulseFinishedCallback  stm32f3xx_hal_tim.o
    0x080025f0   0x080025f0   0x0000014c   Code   RO         2337    i.HAL_TIM_PWM_Start  stm32f3xx_hal_tim.o
    0x0800273c   0x0800273c   0x00000002   Code   RO         2343    i.HAL_TIM_PeriodElapsedCallback  stm32f3xx_hal_tim.o
    0x0800273e   0x0800273e   0x00000002   Code   RO         2348    i.HAL_TIM_TriggerCallback  stm32f3xx_hal_tim.o
    0x08002740   0x08002740   0x00000004   Code   RO          551    i.HardFault_Handler  stm32f3xx_it.o
    0x08002744   0x08002744   0x00000028   Code   RO          730    i.I2C_Flush_TXDR    stm32f3xx_hal_i2c.o
    0x0800276c   0x0800276c   0x00000130   Code   RO          738    i.I2C_IsErrorOccurred  stm32f3xx_hal_i2c.o
    0x0800289c   0x0800289c   0x0000007c   Code   RO          743    i.I2C_RequestMemoryRead  stm32f3xx_hal_i2c.o
    0x08002918   0x08002918   0x0000007c   Code   RO          744    i.I2C_RequestMemoryWrite  stm32f3xx_hal_i2c.o
    0x08002994   0x08002994   0x00000038   Code   RO          747    i.I2C_TransferConfig  stm32f3xx_hal_i2c.o
    0x080029cc   0x080029cc   0x00000082   Code   RO          749    i.I2C_WaitOnFlagUntilTimeout  stm32f3xx_hal_i2c.o
    0x08002a4e   0x08002a4e   0x00000060   Code   RO          751    i.I2C_WaitOnSTOPFlagUntilTimeout  stm32f3xx_hal_i2c.o
    0x08002aae   0x08002aae   0x00000064   Code   RO          752    i.I2C_WaitOnTXISFlagUntilTimeout  stm32f3xx_hal_i2c.o
    0x08002b12   0x08002b12   0x00000002   PAD
    0x08002b14   0x08002b14   0x00000288   Code   RO          232    i.Kalman_Filter     gyro.o
    0x08002d9c   0x08002d9c   0x000000a4   Code   RO          233    i.MPU6050_Init      gyro.o
    0x08002e40   0x08002e40   0x0000005c   Code   RO          234    i.MPU6050_Read_Accel  gyro.o
    0x08002e9c   0x08002e9c   0x00000054   Code   RO          235    i.MPU6050_Read_Gyro  gyro.o
    0x08002ef0   0x08002ef0   0x000000f8   Code   RO          427    i.MX_GPIO_Init      gpio.o
    0x08002fe8   0x08002fe8   0x00000058   Code   RO          453    i.MX_I2C1_Init      i2c.o
    0x08003040   0x08003040   0x000000e8   Code   RO          496    i.MX_TIM1_Init      tim.o
    0x08003128   0x08003128   0x0000006c   Code   RO          497    i.MX_TIM2_Init      tim.o
    0x08003194   0x08003194   0x00000004   Code   RO          552    i.MemManage_Handler  stm32f3xx_it.o
    0x08003198   0x08003198   0x00000004   Code   RO          553    i.NMI_Handler       stm32f3xx_it.o
    0x0800319c   0x0800319c   0x00000090   Code   RO          341    i.PD                pwm_control.o
    0x0800322c   0x0800322c   0x00000002   Code   RO          554    i.PendSV_Handler    stm32f3xx_it.o
    0x0800322e   0x0800322e   0x00000002   PAD
    0x08003230   0x08003230   0x000001dc   Code   RO          306    i.ReactionWheelPWM  jump_control.o
    0x0800340c   0x0800340c   0x00000002   Code   RO          555    i.SVC_Handler       stm32f3xx_it.o
    0x0800340e   0x0800340e   0x00000002   PAD
    0x08003410   0x08003410   0x0000016c   Code   RO           14    i.SpeedPIout        encoder_control.o
    0x0800357c   0x0800357c   0x00000008   Code   RO          556    i.SysTick_Handler   stm32f3xx_it.o
    0x08003584   0x08003584   0x0000008c   Code   RO          373    i.SystemClock_Config  main.o
    0x08003610   0x08003610   0x00000014   Code   RO         3262    i.SystemInit        system_stm32f3xx.o
    0x08003624   0x08003624   0x000000c4   Code   RO          557    i.TIM2_IRQHandler   stm32f3xx_it.o
    0x080036e8   0x080036e8   0x000000cc   Code   RO         2350    i.TIM_Base_SetConfig  stm32f3xx_hal_tim.o
    0x080037b4   0x080037b4   0x00000022   Code   RO         2351    i.TIM_CCxChannelCmd  stm32f3xx_hal_tim.o
    0x080037d6   0x080037d6   0x00000016   Code   RO         2361    i.TIM_ETR_SetConfig  stm32f3xx_hal_tim.o
    0x080037ec   0x080037ec   0x00000012   Code   RO         2362    i.TIM_ITRx_SetConfig  stm32f3xx_hal_tim.o
    0x080037fe   0x080037fe   0x00000002   PAD
    0x08003800   0x08003800   0x000000ac   Code   RO         2363    i.TIM_OC1_SetConfig  stm32f3xx_hal_tim.o
    0x080038ac   0x080038ac   0x000000b4   Code   RO         2364    i.TIM_OC2_SetConfig  stm32f3xx_hal_tim.o
    0x08003960   0x08003960   0x000000b4   Code   RO         2365    i.TIM_OC3_SetConfig  stm32f3xx_hal_tim.o
    0x08003a14   0x08003a14   0x00000074   Code   RO         2366    i.TIM_OC4_SetConfig  stm32f3xx_hal_tim.o
    0x08003a88   0x08003a88   0x00000070   Code   RO         2367    i.TIM_OC5_SetConfig  stm32f3xx_hal_tim.o
    0x08003af8   0x08003af8   0x00000070   Code   RO         2368    i.TIM_OC6_SetConfig  stm32f3xx_hal_tim.o
    0x08003b68   0x08003b68   0x00000026   Code   RO         2370    i.TIM_TI1_ConfigInputStage  stm32f3xx_hal_tim.o
    0x08003b8e   0x08003b8e   0x00000028   Code   RO         2372    i.TIM_TI2_ConfigInputStage  stm32f3xx_hal_tim.o
    0x08003bb6   0x08003bb6   0x00000004   Code   RO          558    i.UsageFault_Handler  stm32f3xx_it.o
    0x08003bba   0x08003bba   0x00000002   PAD
    0x08003bbc   0x08003bbc   0x00000040   Code   RO          237    i.Yiorderfilter     gyro.o
    0x08003bfc   0x08003bfc   0x00000030   Code   RO         3424    i.__ARM_fpclassify  m_wm.l(fpclassify.o)
    0x08003c2c   0x08003c2c   0x00000010   Code   RO         1704    i.__NVIC_GetPriorityGrouping  stm32f3xx_hal_cortex.o
    0x08003c3c   0x08003c3c   0x00000028   Code   RO         1705    i.__NVIC_SetPriority  stm32f3xx_hal_cortex.o
    0x08003c64   0x08003c64   0x00000004   PAD
    0x08003c68   0x08003c68   0x000002d8   Code   RO         3365    i.__hardfp_atan     m_wm.l(atan.o)
    0x08003f40   0x08003f40   0x00000200   Code   RO         3335    i.__hardfp_atan2    m_wm.l(atan2.o)
    0x08004140   0x08004140   0x000000f8   Code   RO         3426    i.__kernel_poly     m_wm.l(poly.o)
    0x08004238   0x08004238   0x00000014   Code   RO         3380    i.__mathlib_dbl_infnan  m_wm.l(dunder.o)
    0x0800424c   0x0800424c   0x00000014   Code   RO         3381    i.__mathlib_dbl_infnan2  m_wm.l(dunder.o)
    0x08004260   0x08004260   0x00000020   Code   RO         3385    i.__mathlib_dbl_underflow  m_wm.l(dunder.o)
    0x08004280   0x08004280   0x0000015c   Code   RO          238    i.angle_calculate   gyro.o
    0x080043dc   0x080043dc   0x00000010   Code   RO         3367    i.atan              m_wm.l(atan.o)
    0x080043ec   0x080043ec   0x0000006c   Code   RO           15    i.countpulse        encoder_control.o
    0x08004458   0x08004458   0x00000018   Code   RO         3395    i.fabs              m_wm.l(fabs.o)
    0x08004470   0x08004470   0x0000006c   Code   RO          374    i.main              main.o
    0x080044dc   0x080044dc   0x00000018   Code   RO         3307    x$fpl$basic         fz_wm.l(basic.o)
    0x080044f4   0x080044f4   0x00000062   Code   RO         3309    x$fpl$d2f           fz_wm.l(d2f.o)
    0x08004556   0x08004556   0x00000002   PAD
    0x08004558   0x08004558   0x00000150   Code   RO         3311    x$fpl$dadd          fz_wm.l(daddsub_clz.o)
    0x080046a8   0x080046a8   0x00000018   Code   RO         3422    x$fpl$dcmpinf       fz_wm.l(dcmpi.o)
    0x080046c0   0x080046c0   0x000002b0   Code   RO         3318    x$fpl$ddiv          fz_wm.l(ddiv.o)
    0x08004970   0x08004970   0x00000078   Code   RO         3354    x$fpl$deqf          fz_wm.l(deqf.o)
    0x080049e8   0x080049e8   0x0000005e   Code   RO         3321    x$fpl$dfix          fz_wm.l(dfix.o)
    0x08004a46   0x08004a46   0x0000002e   Code   RO         3326    x$fpl$dflt          fz_wm.l(dflt_clz.o)
    0x08004a74   0x08004a74   0x00000154   Code   RO         3331    x$fpl$dmul          fz_wm.l(dmul.o)
    0x08004bc8   0x08004bc8   0x0000009c   Code   RO         3356    x$fpl$dnaninf       fz_wm.l(dnaninf.o)
    0x08004c64   0x08004c64   0x0000000c   Code   RO         3358    x$fpl$dretinf       fz_wm.l(dretinf.o)
    0x08004c70   0x08004c70   0x00000016   Code   RO         3312    x$fpl$drsb          fz_wm.l(daddsub_clz.o)
    0x08004c86   0x08004c86   0x00000002   PAD
    0x08004c88   0x08004c88   0x000001d4   Code   RO         3313    x$fpl$dsub          fz_wm.l(daddsub_clz.o)
    0x08004e5c   0x08004e5c   0x00000056   Code   RO         3333    x$fpl$f2d           fz_wm.l(f2d.o)
    0x08004eb2   0x08004eb2   0x0000008c   Code   RO         3360    x$fpl$fnaninf       fz_wm.l(fnaninf.o)
    0x08004f3e   0x08004f3e   0x0000000a   Code   RO         3513    x$fpl$fpinit        fz_wm.l(fpinit.o)
    0x08004f48   0x08004f48   0x0000000a   Code   RO         3362    x$fpl$fretinf       fz_wm.l(fretinf.o)
    0x08004f52   0x08004f52   0x00000000   Code   RO         3364    x$fpl$usenofp       fz_wm.l(usenofp.o)
    0x08004f52   0x08004f52   0x00000020   Data   RO         1386    .constdata          stm32f3xx_hal_rcc.o
    0x08004f72   0x08004f72   0x00000018   Data   RO         3263    .constdata          system_stm32f3xx.o
    0x08004f8a   0x08004f8a   0x00000006   PAD
    0x08004f90   0x08004f90   0x00000098   Data   RO         3368    .constdata          m_wm.l(atan.o)
    0x08005028   0x08005028   0x00000008   Data   RO         3399    .constdata          m_wm.l(qnan.o)
    0x08005030   0x08005030   0x00000020   Data   RO         3571    Region$$Table       anon$$obj.o


    Execution Region RW_IRAM2 (Exec base: 0x10000000, Load base: 0x08005160, Size: 0x00000000, Max: 0x00002000, ABSOLUTE)

    **** No section assigned to this execution region ****


    Execution Region RW_IRAM1 (Exec base: 0x20000000, Load base: 0x08005050, Size: 0x000008b0, Max: 0x0000a000, ABSOLUTE)

    Exec Addr    Load Addr    Size         Type   Attr      Idx    E Section Name        Object

    0x20000000   0x08005050   0x00000024   Data   RW           16    .data               encoder_control.o
    0x20000024   0x08005074   0x00000088   Data   RW          241    .data               gyro.o
    0x200000ac   0x080050fc   0x00000004   Data   RW          307    .data               jump_control.o
    0x200000b0   0x08005100   0x0000004c   Data   RW          342    .data               pwm_control.o
    0x200000fc   0x0800514c   0x00000004   Data   RW          559    .data               stm32f3xx_it.o
    0x20000100   0x08005150   0x00000009   Data   RW         1223    .data               stm32f3xx_hal.o
    0x20000109   0x08005159   0x00000003   PAD
    0x2000010c   0x0800515c   0x00000004   Data   RW         3264    .data               system_stm32f3xx.o
    0x20000110        -       0x00000050   Zero   RW          239    .bss                gyro.o
    0x20000160        -       0x00000054   Zero   RW          454    .bss                i2c.o
    0x200001b4        -       0x00000098   Zero   RW          498    .bss                tim.o
    0x2000024c        -       0x00000060   Zero   RW         3429    .bss                c_w.l(libspace.o)
    0x200002ac   0x08005160   0x00000004   PAD
    0x200002b0        -       0x00000200   Zero   RW            2    HEAP                startup_stm32f303xc.o
    0x200004b0        -       0x00000400   Zero   RW            1    STACK               startup_stm32f303xc.o


==============================================================================

Image component sizes


      Code (inc. data)   RO Data    RW Data    ZI Data      Debug   Object Name

       488         80          0         36          0     579648   encoder_control.o
       248         14          0          0          0       1027   gpio.o
      1400        122          0        136         80       7407   gyro.o
       268         26          0          0         84       1793   i2c.o
       476         46          0          4          0        930   jump_control.o
       254         18          0          0          0       1716   main.o
       144         26          0         76          0       1076   pwm_control.o
        64         26        392          0       1536        856   startup_stm32f303xc.o
       192         36          0          9          0      13517   stm32f3xx_hal.o
       304         22          0          0          0      34547   stm32f3xx_hal_cortex.o
       486         34          0          0          0       2735   stm32f3xx_hal_gpio.o
      2014         34          0          0          0      11918   stm32f3xx_hal_i2c.o
       210          0          0          0          0       1995   stm32f3xx_hal_i2c_ex.o
        64          6          0          0          0        874   stm32f3xx_hal_msp.o
      3412         74         32          0          0       4688   stm32f3xx_hal_rcc.o
       740         14          0          0          0       1624   stm32f3xx_hal_rcc_ex.o
      2984        244          0          0          0      19116   stm32f3xx_hal_tim.o
       366         30          0          0          0       4064   stm32f3xx_hal_tim_ex.o
       266         42          0          4          0       6221   stm32f3xx_it.o
        20          6         24          4          0       1171   system_stm32f3xx.o
       536         32          0          0        152       3277   tim.o

    ----------------------------------------------------------------------
     14962        936        486        272       1852     700200   Object Totals
         0          0         32          0          0          0   (incl. Generated)
        26          4          6          3          0          0   (incl. Padding)

    ----------------------------------------------------------------------

      Code (inc. data)   RO Data    RW Data    ZI Data      Debug   Library Member Name

         8          0          0          0          0         68   __main.o
         0          0          0          0          0          0   __rtentry.o
        12          0          0          0          0          0   __rtentry2.o
         6          0          0          0          0          0   __rtentry4.o
        52          8          0          0          0          0   __scatter.o
        26          0          0          0          0          0   __scatter_copy.o
        28          0          0          0          0          0   __scatter_zi.o
        22          0          0          0          0        100   _rserrno.o
        18          0          0          0          0         80   exit.o
         6          0          0          0          0        152   heapauxi.o
         0          0          0          0          0          0   indicate_semi.o
         2          0          0          0          0          0   libinit.o
         6          0          0          0          0          0   libinit2.o
         2          0          0          0          0          0   libshutdown.o
         2          0          0          0          0          0   libshutdown2.o
         8          4          0          0         96         68   libspace.o
       238          0          0          0          0        100   lludivv7m.o
         8          4          0          0          0         68   rt_errno_addr_intlibspace.o
        78          0          0          0          0         80   rt_memclr_w.o
         2          0          0          0          0          0   rtexit.o
        10          0          0          0          0          0   rtexit2.o
        12          4          0          0          0         68   sys_exit.o
        74          0          0          0          0         80   sys_stackheap_outer.o
         2          0          0          0          0         68   use_no_semi.o
        24          0          0          0          0        164   basic.o
        98          4          0          0          0        140   d2f.o
       826         16          0          0          0        492   daddsub_clz.o
        24          0          0          0          0        116   dcmpi.o
       688        140          0          0          0        256   ddiv.o
       120          4          0          0          0        140   deqf.o
        94          4          0          0          0        140   dfix.o
        46          0          0          0          0        116   dflt_clz.o
       340         12          0          0          0        152   dmul.o
       156          4          0          0          0        140   dnaninf.o
        12          0          0          0          0        116   dretinf.o
        86          4          0          0          0        132   f2d.o
       140          4          0          0          0        132   fnaninf.o
        10          0          0          0          0        116   fpinit.o
        10          0          0          0          0        116   fretinf.o
         0          0          0          0          0          0   usenofp.o
       744        106        152          0          0        352   atan.o
       512         64          0          0          0        208   atan2.o
        72          8          0          0          0        372   dunder.o
        24          0          0          0          0        124   fabs.o
        48          0          0          0          0        124   fpclassify.o
       248          0          0          0          0        152   poly.o
         0          0          8          0          0          0   qnan.o

    ----------------------------------------------------------------------
      4952        390        160          0        100       4732   Library Totals
         8          0          0          0          4          0   (incl. Padding)

    ----------------------------------------------------------------------

      Code (inc. data)   RO Data    RW Data    ZI Data      Debug   Library Name

       622         20          0          0         96        932   c_w.l
      2674        192          0          0          0       2468   fz_wm.l
      1648        178        160          0          0       1332   m_wm.l

    ----------------------------------------------------------------------
      4952        390        160          0        100       4732   Library Totals

    ----------------------------------------------------------------------

==============================================================================


      Code (inc. data)   RO Data    RW Data    ZI Data      Debug   

     19914       1326        646        272       1952     693268   Grand Totals
     19914       1326        646        272       1952     693268   ELF Image Totals
     19914       1326        646        272          0          0   ROM Totals

==============================================================================

    Total RO  Size (Code + RO Data)                20560 (  20.08kB)
    Total RW  Size (RW Data + ZI Data)              2224 (   2.17kB)
    Total ROM Size (Code + RO Data + RW Data)      20832 (  20.34kB)

==============================================================================

